{
 "cells": [
  {
   "cell_type": "code",
   "execution_count": 24,
   "id": "053d4365-38ce-42b1-8117-72fb450bc41b",
   "metadata": {},
   "outputs": [],
   "source": [
    "import requests \n",
    "from bs4 import BeautifulSoup\n",
    "import re \n",
    "import pprint\n",
    "log_url = 'https://tuxapi-prod-storage-public-linaro.s3.amazonaws.com/lkft/tests/2Xntpbk7ca29IX4VdBUbHt5uKAg/logs.txt?AWSAccessKeyId=ASIA4PEBGJPLFPENDNU7&Signature=38SIpZ0HkqtduVtF5EdylYiBLqk%3D&x-amz-security-token=IQoJb3JpZ2luX2VjEIv%2F%2F%2F%2F%2F%2F%2F%2F%2F%2FwEaCXVzLWVhc3QtMSJGMEQCIHO5K6eoWGD5ylhb4%2FwPqrSBKw4PmbliAmMyPD%2BgVoZWAiAnk0Lu6qvkL3cg2FSZW%2Fvwt4QC%2B9TkAwxs7yO3fRqsPSqNAwjE%2F%2F%2F%2F%2F%2F%2F%2F%2F%2F8BEAIaDDg1NzExNjkyMDc5MCIM98rrjiJjNGL%2FqDvpKuECG%2Bz9XETDlFb3%2BuAO9TIPQpriTABy811eUjQ1pfxMGObjxEABvj1%2BHdrfIXNsGYEpfOkjQQId2rzgCWmjajv7GDPmbBrq%2FC2zP9bESPWcAl5U2xFU4PhJc5vtLwdQ0nhQdI5mqmv27rzuAa3BxdTnfH42E0T0uyOG8of5S%2FveR5S6ac0seJFRyOtXV1mflhgyo6GDjo39bnJv5azWIC7C6JAiKKcxxCJQIUYtnq1E%2BVULIfRAZrtkHYVX3or1pIkwsq9oKn4YSR86vrVS4vM5nojUw6Q90eZstFykNvNTXm%2FhscFeJH8J1B%2FsYE4xKoBOt7BLb886OPfPSPs1R2zB4QAr%2BHjoMq%2Fq%2FrRhovmMWlOpabVpXLJSVEm4FtUJWeRX0j4VD1FhF%2B74428%2FMRobjSAS9oPUmBF7WHFxGG8XTjWJtI%2Fe3F55dBXTNFBArAPXdXP8qjUkfgNJRrNuLMkndtcw5KSvqgY6nwE1xPKPL6XJf8d9LQdBitdw4cr9lisGlCGkHje4xjH9%2BRj2QGZDYkFF2TovIL46Hl4sEW4HR0JKYRPt4%2FNI6PoLbk%2B09mvXyEkVWZsioX%2FNgZnc6fhDXB3eznJTYbwm%2BzGgoi52nnM0dLW2z%2FCBupwX8QDekGiDRHh7MKygm2GFOxYoV%2BqJjzOpquldqCDuoe9uH733vRuVUdgKvCoSP0w%3D&Expires=1699471905'\n",
    "\n",
    "log_text = requests.get(log_url).text\n"
   ]
  },
  {
   "cell_type": "code",
   "execution_count": 52,
   "id": "0063e7fd-f915-4187-ac99-0adaca603ced",
   "metadata": {},
   "outputs": [
    {
     "name": "stdout",
     "output_type": "stream",
     "text": [
      "('0x0000000000000000', '0x000000000009fbff', 'usable')\n",
      "('0x000000000009fc00', '0x000000000009ffff', 'reserved')\n",
      "('0x00000000000f0000', '0x00000000000fffff', 'reserved')\n",
      "('0x0000000000100000', '0x000000007ffdefff', 'usable')\n",
      "('0x000000007ffdf000', '0x000000007fffffff', 'reserved')\n",
      "('0x00000000b0000000', '0x00000000bfffffff', 'reserved')\n",
      "('0x00000000fed1c000', '0x00000000fed1ffff', 'reserved')\n",
      "('0x00000000fffc0000', '0x00000000ffffffff', 'reserved')\n",
      "('0x0000000100000000', '0x000000017fffffff', 'usable')\n"
     ]
    }
   ],
   "source": [
    "def process_bios_e820(line):\n",
    "    expr = '\\[mem[\\s]*(\\S+)-(\\S+)\\]\\s(\\S+)'\n",
    "    return  re.findall(expr, line)[0]\n",
    "\n",
    "for line in log_text.split('\\n'):\n",
    "    if 'BIOS-e820' in line:\n",
    "        #print(line)\n",
    "        print(process_bios_e820(line))\n",
    "    if 'ACPI' in line:\n",
    "        print(line)\n",
    "\n"
   ]
  },
  {
   "cell_type": "code",
   "execution_count": 93,
   "id": "395b13f2-db46-4025-bd0e-70593ef363de",
   "metadata": {},
   "outputs": [],
   "source": [
    "def extract_section(log_text, section_tag):\n",
    "    res = []\n",
    "    for line in log_text.split('\\n'):\n",
    "        if section_tag in line.upper():\n",
    "            res.append(line)\n",
    "    return res\n",
    "        "
   ]
  },
  {
   "cell_type": "code",
   "execution_count": 57,
   "id": "d11e08c3-3a72-486a-b411-5285b05e836b",
   "metadata": {},
   "outputs": [
    {
     "name": "stdout",
     "output_type": "stream",
     "text": [
      "[' Early table checksum verification disabled']\n",
      "[' RSDP 0x00000000000F59C0 000014 (v00 BOCHS )']\n",
      "[' RSDT 0x000000007FFE2346 000038 (v01 BOCHS  BXPC     00000001 BXPC 00000001)']\n",
      "[' FACP 0x000000007FFE2136 0000F4 (v03 BOCHS  BXPC     00000001 BXPC 00000001)']\n",
      "[' DSDT 0x000000007FFE0040 0020F6 (v01 BOCHS  BXPC     00000001 BXPC 00000001)']\n",
      "[' FACS 0x000000007FFE0000 000040']\n",
      "[' APIC 0x000000007FFE222A 000080 (v03 BOCHS  BXPC     00000001 BXPC 00000001)']\n",
      "[' HPET 0x000000007FFE22AA 000038 (v01 BOCHS  BXPC     00000001 BXPC 00000001)']\n",
      "[' MCFG 0x000000007FFE22E2 00003C (v01 BOCHS  BXPC     00000001 BXPC 00000001)']\n",
      "[' WAET 0x000000007FFE231E 000028 (v01 BOCHS  BXPC     00000001 BXPC 00000001)']\n",
      "[' Reserving FACP table memory at [mem 0x7ffe2136-0x7ffe2229]']\n",
      "[' Reserving DSDT table memory at [mem 0x7ffe0040-0x7ffe2135]']\n",
      "[' Reserving FACS table memory at [mem 0x7ffe0000-0x7ffe003f]']\n",
      "[' Reserving APIC table memory at [mem 0x7ffe222a-0x7ffe22a9]']\n",
      "[' Reserving HPET table memory at [mem 0x7ffe22aa-0x7ffe22e1]']\n",
      "[' Reserving MCFG table memory at [mem 0x7ffe22e2-0x7ffe231d]']\n",
      "[' Reserving WAET table memory at [mem 0x7ffe231e-0x7ffe2345]']\n",
      "[' PM-Timer IO Port', ' 0x608']\n",
      "[' LAPIC_NMI (acpi_id[0xff] dfl dfl lint[0x1])']\n",
      "[' INT_SRC_OVR (bus 0 bus_irq 0 global_irq 2 dfl dfl)']\n",
      "[' INT_SRC_OVR (bus 0 bus_irq 5 global_irq 5 high level)']\n",
      "[' INT_SRC_OVR (bus 0 bus_irq 9 global_irq 9 high level)']\n",
      "[' INT_SRC_OVR (bus 0 bus_irq 10 global_irq 10 high level)']\n",
      "[' INT_SRC_OVR (bus 0 bus_irq 11 global_irq 11 high level)']\n",
      "[' Using ACPI (MADT) for SMP configuration information']\n",
      "[' HPET id', ' 0x8086a201 base', ' 0xfed00000']\n",
      "[' Core revision 20230628']\n",
      "[' Added _OSI(Module Device)']\n",
      "[' Added _OSI(Processor Device)']\n",
      "[' Added _OSI(3.0 _SCP Extensions)']\n",
      "[' Added _OSI(Processor Aggregator Device)']\n",
      "[' 1 ACPI AML tables successfully acquired and loaded']\n",
      "[' _OSC evaluation for CPUs failed, trying _PDC']\n",
      "[' Interpreter enabled']\n",
      "[' PM', ' (supports S0 S3 S4 S5)']\n",
      "[' Using IOAPIC for interrupt routing']\n",
      "[' Using host bridge windows from ACPI; if necessary, use \\\\\"pci=nocrs\\\\\" and report a bug']\n",
      "[' Enabled 2 GPEs in block 00 to 3F']\n",
      "[' PCI Root Bridge [PCI0] (domain 0000 [bus 00-ff])']\n",
      "['00', '1f.0', ' quirk', ' [io  0x0600-0x067f] claimed by ICH6 ACPI/GPIO/TCO']\n",
      "[' PCI', ' Interrupt link LNKA configured for IRQ 10']\n",
      "[' PCI', ' Interrupt link LNKB configured for IRQ 10']\n",
      "[' PCI', ' Interrupt link LNKC configured for IRQ 11']\n",
      "[' PCI', ' Interrupt link LNKD configured for IRQ 11']\n",
      "[' PCI', ' Interrupt link LNKE configured for IRQ 10']\n",
      "[' PCI', ' Interrupt link LNKF configured for IRQ 10']\n",
      "[' PCI', ' Interrupt link LNKG configured for IRQ 11']\n",
      "[' PCI', ' Interrupt link LNKH configured for IRQ 11']\n",
      "[' PCI', ' Interrupt link GSIA configured for IRQ 16']\n",
      "[' PCI', ' Interrupt link GSIB configured for IRQ 17']\n",
      "[' PCI', ' Interrupt link GSIC configured for IRQ 18']\n",
      "[' PCI', ' Interrupt link GSID configured for IRQ 19']\n",
      "[' PCI', ' Interrupt link GSIE configured for IRQ 20']\n",
      "[' PCI', ' Interrupt link GSIF configured for IRQ 21']\n",
      "[' PCI', ' Interrupt link GSIG configured for IRQ 22']\n",
      "[' PCI', ' Interrupt link GSIH configured for IRQ 23']\n",
      "[' bus type USB registered']\n",
      "[' Using ACPI for IRQ routing']\n",
      "[' PnP ACPI init']\n",
      "[' PnP ACPI', ' found 6 devices']\n",
      "[' button', ' Power Button [PWRF]']\n",
      "[' bus type drm_connector registered']\n",
      "[' \\\\_SB_.GSIA', ' Enabled at IRQ 16']\n"
     ]
    }
   ],
   "source": [
    "#ACPI section \n",
    "\n",
    "for line in log_text.split('\\n'):\n",
    "    if 'ACPI' in line:\n",
    "        print(line.split(':')[1:])"
   ]
  },
  {
   "cell_type": "code",
   "execution_count": 61,
   "id": "778a931b-020f-4af0-9c76-24d5fd36bce7",
   "metadata": {},
   "outputs": [
    {
     "name": "stdout",
     "output_type": "stream",
     "text": [
      "[' PM-Timer IO Port', ' 0x608']\n",
      "[' hibernation', ' Registered nosave memory', ' [mem 0x00000000-0x00000fff]']\n",
      "[' hibernation', ' Registered nosave memory', ' [mem 0x0009f000-0x0009ffff]']\n",
      "[' hibernation', ' Registered nosave memory', ' [mem 0x000a0000-0x000effff]']\n",
      "[' hibernation', ' Registered nosave memory', ' [mem 0x000f0000-0x000fffff]']\n",
      "[' hibernation', ' Registered nosave memory', ' [mem 0x7ffdf000-0x7fffffff]']\n",
      "[' hibernation', ' Registered nosave memory', ' [mem 0x80000000-0xafffffff]']\n",
      "[' hibernation', ' Registered nosave memory', ' [mem 0xb0000000-0xbfffffff]']\n",
      "[' hibernation', ' Registered nosave memory', ' [mem 0xc0000000-0xfed1bfff]']\n",
      "[' hibernation', ' Registered nosave memory', ' [mem 0xfed1c000-0xfed1ffff]']\n",
      "[' hibernation', ' Registered nosave memory', ' [mem 0xfed20000-0xfffbffff]']\n",
      "[' hibernation', ' Registered nosave memory', ' [mem 0xfffc0000-0xffffffff]']\n",
      "[' unsupported p6 CPU model 26 no PMU driver, software events only.']\n",
      "[' RTC time', ' 13', '46', '03, date', ' 2023-11-06']\n",
      "[' PM', ' (supports S0 S3 S4 S5)']\n",
      "['00', ' _OSC', ' OS supports [ExtendedConfig ASPM ClockPM Segments MSI HPX-Type3]']\n",
      "['00', ' _OSC', ' OS now controls [PME PCIeCapability]']\n",
      "['   Magic number', ' 15', '96', '786']\n"
     ]
    }
   ],
   "source": [
    "#power management \n",
    "\n",
    "for line in log_text.split('\\n'):\n",
    "    if 'PM' in line:\n",
    "        print(line.split(':')[1:])\n",
    "\n"
   ]
  },
  {
   "cell_type": "code",
   "execution_count": 69,
   "id": "1b2f3112-4795-452f-9a4d-bab440ab9f7f",
   "metadata": {},
   "outputs": [
    {
     "name": "stdout",
     "output_type": "stream",
     "text": [
      "<6>[    0.076421] [mem 0xc0000000-0xfed1bfff] available for PCI devices\n",
      "[]\n",
      "<6>[    0.809766] PCI: MMCONFIG for domain 0000 [bus 00-ff] at [mem 0xb0000000-0xbfffffff] (base 0xb0000000)\n",
      "[' MMCONFIG for domain 0000 [bus 00-ff] at [mem 0xb0000000-0xbfffffff] (base 0xb0000000)']\n",
      "<6>[    0.811786] PCI: MMCONFIG at [mem 0xb0000000-0xbfffffff] reserved as E820 entry\n",
      "[' MMCONFIG at [mem 0xb0000000-0xbfffffff] reserved as E820 entry']\n",
      "<6>[    0.814659] PCI: Using configuration type 1 for base access\n",
      "[' Using configuration type 1 for base access']\n",
      "<6>[    1.055382] PCI: Using host bridge windows from ACPI; if necessary, use \\\"pci=nocrs\\\" and report a bug\n",
      "[' Using host bridge windows from ACPI; if necessary, use \\\\\"pci=nocrs\\\\\" and report a bug']\n",
      "<6>[    1.055999] PCI: Using E820 reservations for host bridge windows\n",
      "[' Using E820 reservations for host bridge windows']\n",
      "<6>[    1.113981] ACPI: PCI Root Bridge [PCI0] (domain 0000 [bus 00-ff])\n",
      "[' PCI Root Bridge [PCI0] (domain 0000 [bus 00-ff])']\n",
      "<6>[    1.122637] acpi PNP0A08:00: _OSC: OS now controls [PME PCIeCapability]\n",
      "['00', ' _OSC', ' OS now controls [PME PCIeCapability]']\n",
      "<6>[    1.128947] PCI host bridge to bus 0000:00\n",
      "['00']\n",
      "<6>[    1.128947] pci_bus 0000:00: root bus resource [io  0x0000-0x0cf7 window]\n",
      "['00', ' root bus resource [io  0x0000-0x0cf7 window]']\n",
      "<6>[    1.130388] pci_bus 0000:00: root bus resource [io  0x0d00-0xffff window]\n",
      "['00', ' root bus resource [io  0x0d00-0xffff window]']\n",
      "<6>[    1.132347] pci_bus 0000:00: root bus resource [mem 0x000a0000-0x000bffff window]\n",
      "['00', ' root bus resource [mem 0x000a0000-0x000bffff window]']\n",
      "<6>[    1.134352] pci_bus 0000:00: root bus resource [mem 0x80000000-0xafffffff window]\n",
      "['00', ' root bus resource [mem 0x80000000-0xafffffff window]']\n",
      "<6>[    1.135325] pci_bus 0000:00: root bus resource [mem 0xc0000000-0xfebfffff window]\n",
      "['00', ' root bus resource [mem 0xc0000000-0xfebfffff window]']\n",
      "<6>[    1.135354] pci_bus 0000:00: root bus resource [mem 0x180000000-0x97fffffff window]\n",
      "['00', ' root bus resource [mem 0x180000000-0x97fffffff window]']\n",
      "<6>[    1.137404] pci_bus 0000:00: root bus resource [bus 00-ff]\n",
      "['00', ' root bus resource [bus 00-ff]']\n",
      "<6>[    1.143969] pci 0000:00:00.0: [8086:29c0] type 00 class 0x060000\n",
      "['00', '00.0', ' [8086', '29c0] type 00 class 0x060000']\n",
      "<6>[    1.150950] pci 0000:00:01.0: [1234:1111] type 00 class 0x030000\n",
      "['00', '01.0', ' [1234', '1111] type 00 class 0x030000']\n",
      "<6>[    1.152610] pci 0000:00:01.0: reg 0x10: [mem 0xfd000000-0xfdffffff pref]\n",
      "['00', '01.0', ' reg 0x10', ' [mem 0xfd000000-0xfdffffff pref]']\n",
      "<6>[    1.156906] pci 0000:00:01.0: reg 0x18: [mem 0xfebf0000-0xfebf0fff]\n",
      "['00', '01.0', ' reg 0x18', ' [mem 0xfebf0000-0xfebf0fff]']\n",
      "<6>[    1.162249] pci 0000:00:01.0: reg 0x30: [mem 0xfebe0000-0xfebeffff pref]\n",
      "['00', '01.0', ' reg 0x30', ' [mem 0xfebe0000-0xfebeffff pref]']\n",
      "<6>[    1.162786] pci 0000:00:01.0: Video device with shadowed ROM at [mem 0x000c0000-0x000dffff]\n",
      "['00', '01.0', ' Video device with shadowed ROM at [mem 0x000c0000-0x000dffff]']\n",
      "<6>[    1.164803] pci 0000:00:1f.0: [8086:2918] type 00 class 0x060100\n",
      "['00', '1f.0', ' [8086', '2918] type 00 class 0x060100']\n",
      "<6>[    1.165461] pci 0000:00:1f.0: quirk: [io  0x0600-0x067f] claimed by ICH6 ACPI/GPIO/TCO\n",
      "['00', '1f.0', ' quirk', ' [io  0x0600-0x067f] claimed by ICH6 ACPI/GPIO/TCO']\n",
      "<6>[    1.169253] pci 0000:00:1f.2: [8086:2922] type 00 class 0x010601\n",
      "['00', '1f.2', ' [8086', '2922] type 00 class 0x010601']\n",
      "<6>[    1.174955] pci 0000:00:1f.2: reg 0x20: [io  0xc040-0xc05f]\n",
      "['00', '1f.2', ' reg 0x20', ' [io  0xc040-0xc05f]']\n",
      "<6>[    1.177369] pci 0000:00:1f.2: reg 0x24: [mem 0xfebf1000-0xfebf1fff]\n",
      "['00', '1f.2', ' reg 0x24', ' [mem 0xfebf1000-0xfebf1fff]']\n",
      "<6>[    1.181129] pci 0000:00:1f.3: [8086:2930] type 00 class 0x0c0500\n",
      "['00', '1f.3', ' [8086', '2930] type 00 class 0x0c0500']\n",
      "<6>[    1.184426] pci 0000:00:1f.3: reg 0x20: [io  0x0700-0x073f]\n",
      "['00', '1f.3', ' reg 0x20', ' [io  0x0700-0x073f]']\n",
      "<6>[    1.194106] ACPI: PCI: Interrupt link LNKA configured for IRQ 10\n",
      "[' PCI', ' Interrupt link LNKA configured for IRQ 10']\n",
      "<6>[    1.196651] ACPI: PCI: Interrupt link LNKB configured for IRQ 10\n",
      "[' PCI', ' Interrupt link LNKB configured for IRQ 10']\n",
      "<6>[    1.198968] ACPI: PCI: Interrupt link LNKC configured for IRQ 11\n",
      "[' PCI', ' Interrupt link LNKC configured for IRQ 11']\n",
      "<6>[    1.202546] ACPI: PCI: Interrupt link LNKD configured for IRQ 11\n",
      "[' PCI', ' Interrupt link LNKD configured for IRQ 11']\n",
      "<6>[    1.204623] ACPI: PCI: Interrupt link LNKE configured for IRQ 10\n",
      "[' PCI', ' Interrupt link LNKE configured for IRQ 10']\n",
      "<6>[    1.206430] ACPI: PCI: Interrupt link LNKF configured for IRQ 10\n",
      "[' PCI', ' Interrupt link LNKF configured for IRQ 10']\n",
      "<6>[    1.207036] ACPI: PCI: Interrupt link LNKG configured for IRQ 11\n",
      "[' PCI', ' Interrupt link LNKG configured for IRQ 11']\n",
      "<6>[    1.208793] ACPI: PCI: Interrupt link LNKH configured for IRQ 11\n",
      "[' PCI', ' Interrupt link LNKH configured for IRQ 11']\n",
      "<6>[    1.209926] ACPI: PCI: Interrupt link GSIA configured for IRQ 16\n",
      "[' PCI', ' Interrupt link GSIA configured for IRQ 16']\n",
      "<6>[    1.210883] ACPI: PCI: Interrupt link GSIB configured for IRQ 17\n",
      "[' PCI', ' Interrupt link GSIB configured for IRQ 17']\n",
      "<6>[    1.211898] ACPI: PCI: Interrupt link GSIC configured for IRQ 18\n",
      "[' PCI', ' Interrupt link GSIC configured for IRQ 18']\n",
      "<6>[    1.212325] ACPI: PCI: Interrupt link GSID configured for IRQ 19\n",
      "[' PCI', ' Interrupt link GSID configured for IRQ 19']\n",
      "<6>[    1.213865] ACPI: PCI: Interrupt link GSIE configured for IRQ 20\n",
      "[' PCI', ' Interrupt link GSIE configured for IRQ 20']\n",
      "<6>[    1.214519] ACPI: PCI: Interrupt link GSIF configured for IRQ 21\n",
      "[' PCI', ' Interrupt link GSIF configured for IRQ 21']\n",
      "<6>[    1.217415] ACPI: PCI: Interrupt link GSIG configured for IRQ 22\n",
      "[' PCI', ' Interrupt link GSIG configured for IRQ 22']\n",
      "<6>[    1.217977] ACPI: PCI: Interrupt link GSIH configured for IRQ 23\n",
      "[' PCI', ' Interrupt link GSIH configured for IRQ 23']\n",
      "<6>[    1.271376] PCI: Using ACPI for IRQ routing\n",
      "[' Using ACPI for IRQ routing']\n",
      "<7>[    1.284571] PCI: pci_cache_line_size set to 64 bytes\n",
      "[' pci_cache_line_size set to 64 bytes']\n",
      "<6>[    1.289821] pci 0000:00:01.0: vgaarb: setting as boot VGA device\n",
      "['00', '01.0', ' vgaarb', ' setting as boot VGA device']\n",
      "<6>[    1.290291] pci 0000:00:01.0: vgaarb: bridge control possible\n",
      "['00', '01.0', ' vgaarb', ' bridge control possible']\n",
      "<6>[    1.290325] pci 0000:00:01.0: vgaarb: VGA device added: decodes=io+mem,owns=io+mem,locks=none\n",
      "['00', '01.0', ' vgaarb', ' VGA device added', ' decodes=io+mem,owns=io+mem,locks=none']\n",
      "<6>[    2.067451] pci_bus 0000:00: resource 4 [io  0x0000-0x0cf7 window]\n",
      "['00', ' resource 4 [io  0x0000-0x0cf7 window]']\n",
      "<6>[    2.068114] pci_bus 0000:00: resource 5 [io  0x0d00-0xffff window]\n",
      "['00', ' resource 5 [io  0x0d00-0xffff window]']\n",
      "<6>[    2.069049] pci_bus 0000:00: resource 6 [mem 0x000a0000-0x000bffff window]\n",
      "['00', ' resource 6 [mem 0x000a0000-0x000bffff window]']\n",
      "<6>[    2.070209] pci_bus 0000:00: resource 7 [mem 0x80000000-0xafffffff window]\n",
      "['00', ' resource 7 [mem 0x80000000-0xafffffff window]']\n",
      "<6>[    2.071407] pci_bus 0000:00: resource 8 [mem 0xc0000000-0xfebfffff window]\n",
      "['00', ' resource 8 [mem 0xc0000000-0xfebfffff window]']\n",
      "<6>[    2.072263] pci_bus 0000:00: resource 9 [mem 0x180000000-0x97fffffff window]\n",
      "['00', ' resource 9 [mem 0x180000000-0x97fffffff window]']\n",
      "<6>[    2.074312] PCI: CLS 0 bytes, default 64\n",
      "[' CLS 0 bytes, default 64']\n",
      "<6>[    2.075690] PCI-DMA: Using software bounce buffering for IO (SWIOTLB)\n",
      "[' Using software bounce buffering for IO (SWIOTLB)']\n",
      "<6>[    2.368907] i801_smbus 0000:00:1f.3: SMBus using PCI interrupt\n",
      "['00', '1f.3', ' SMBus using PCI interrupt']\n"
     ]
    }
   ],
   "source": [
    "#PCI, has issue with ACPI multiplexed lines \n",
    "for line in log_text.split('\\n'):\n",
    "    if 'PCI' in line.upper(): \n",
    "        print(line)\n",
    "        print(line.split(':')[1:])"
   ]
  },
  {
   "cell_type": "code",
   "execution_count": 95,
   "id": "694f4706-c3ee-4623-9124-d6f2635a183f",
   "metadata": {},
   "outputs": [
    {
     "name": "stdout",
     "output_type": "stream",
     "text": [
      "c[?7l[2J<5>[    0.000000] Linux version 6.6.1-rc1 (tuxmake@tuxmake) (x86_64-linux-gnu-gcc (Debian 13.2.0-5) 13.2.0, GNU ld (GNU Binutils for Debian) 2.41) #1 SMP PREEMPT_DYNAMIC @1699277113\n",
      "<6>[    0.034052] found SMP MP-table at [mem 0x000f5ba0-0x000f5baf]\n",
      "<6>[    0.075063] ACPI: Using ACPI (MADT) for SMP configuration information\n",
      "<6>[    0.075398] smpboot: Allowing 2 CPUs, 0 hotplug CPUs\n",
      "<6>[    0.550464] Freeing SMP alternatives memory: 52K\n",
      "<6>[    0.700325] smpboot: CPU0: Intel Core i7 9xx (Nehalem Class Core i7) (family: 0x6, model: 0x1a, stepping: 0x3)\n",
      "<6>[    0.723497] smp: Bringing up secondary CPUs ...\n",
      "<6>[    0.729824] smpboot: x86: Booting SMP configuration:\n",
      "<6>[    0.743776] smp: Brought up 1 node, 2 CPUs\n",
      "<6>[    0.744418] smpboot: Max logical packages: 1\n",
      "<6>[    0.745341] smpboot: Total of 2 processors activated (10599.65 BogoMIPS)\n",
      "Linux runner-vwmj3eza-project-40964107-concurrent-0 6.6.1-rc1 #1 SMP PREEMPT_DYNAMIC @1699277113 x86_64\n"
     ]
    }
   ],
   "source": [
    "#smpboot\n",
    "smpboot = extract_section(log_text, 'SMP')\n",
    "for i in smpboot:\n",
    "    print(i)"
   ]
  },
  {
   "cell_type": "code",
   "execution_count": 101,
   "id": "bb280c5e-dcef-409c-adc1-adac6a8ec378",
   "metadata": {},
   "outputs": [
    {
     "name": "stdout",
     "output_type": "stream",
     "text": [
      "<6>[    0.000000] tsc: Fast TSC calibration using PIT\n",
      "<6>[    0.000000] tsc: Detected 2649.913 MHz processor\n",
      "<6>[    0.351409] clocksource: tsc-early: mask: 0xffffffffffffffff max_cycles: 0x26326b0fb9e, max_idle_ns: 440795290924 ns\n",
      "<6>[    1.316907] clocksource: Switched to clocksource tsc-early\n",
      "<6>[    3.224155] tsc: Refined TSC clocksource calibration: 2649.938 MHz\n",
      "<6>[    3.229028] clocksource: tsc: mask: 0xffffffffffffffff max_cycles: 0x263282922f7, max_idle_ns: 440795206354 ns\n",
      "<6>[    3.232084] clocksource: Switched to clocksource tsc\n"
     ]
    }
   ],
   "source": [
    "#Timestamp counter (TSC)\n",
    "TSC = extract_section(log_text, ' TSC')\n",
    "for i in TSC:\n",
    "    print(i)"
   ]
  },
  {
   "cell_type": "code",
   "execution_count": 102,
   "id": "c336b497-5222-462c-9dcd-604cd42d94ca",
   "metadata": {},
   "outputs": [
    {
     "name": "stdout",
     "output_type": "stream",
     "text": [
      "c[?7l[2J[0mSeaBIOS (version 1.16.2-debian-1.16.2-1)\n",
      "Booting from ROM...\n",
      "early console in setup code\n",
      "c[?7l[2J<5>[    0.000000] Linux version 6.6.1-rc1 (tuxmake@tuxmake) (x86_64-linux-gnu-gcc (Debian 13.2.0-5) 13.2.0, GNU ld (GNU Binutils for Debian) 2.41) #1 SMP PREEMPT_DYNAMIC @1699277113\n",
      "<6>[    0.000000] Command line: console=ttyS0,115200 rootwait root=/dev/sda debug verbose console_msg_format=syslog systemd.log_level=warning rw earlycon\n",
      "<6>[    0.000000] BIOS-provided physical RAM map:\n",
      "<6>[    0.000000] BIOS-e820: [mem 0x0000000000000000-0x000000000009fbff] usable\n",
      "<6>[    0.000000] BIOS-e820: [mem 0x000000000009fc00-0x000000000009ffff] reserved\n",
      "<6>[    0.000000] BIOS-e820: [mem 0x00000000000f0000-0x00000000000fffff] reserved\n",
      "<6>[    0.000000] BIOS-e820: [mem 0x0000000000100000-0x000000007ffdefff] usable\n",
      "<6>[    0.000000] BIOS-e820: [mem 0x000000007ffdf000-0x000000007fffffff] reserved\n",
      "<6>[    0.000000] BIOS-e820: [mem 0x00000000b0000000-0x00000000bfffffff] reserved\n",
      "<6>[    0.000000] BIOS-e820: [mem 0x00000000fed1c000-0x00000000fed1ffff] reserved\n",
      "<6>[    0.000000] BIOS-e820: [mem 0x00000000fffc0000-0x00000000ffffffff] reserved\n",
      "<6>[    0.000000] BIOS-e820: [mem 0x0000000100000000-0x000000017fffffff] usable\n",
      "<6>[    0.000000] NX (Execute Disable) protection: active\n",
      "<6>[    0.000000] APIC: Static calls initialized\n",
      "<6>[    0.000000] SMBIOS 3.0.0 present.\n",
      "<6>[    0.000000] DMI: QEMU Standard PC (Q35 + ICH9, 2009), BIOS 1.16.2-debian-1.16.2-1 04/01/2014\n",
      "<6>[    0.000000] tsc: Fast TSC calibration using PIT\n",
      "<6>[    0.000000] tsc: Detected 2649.913 MHz processor\n",
      "<7>[    0.012157] e820: update [mem 0x00000000-0x00000fff] usable ==> reserved\n",
      "<7>[    0.012372] e820: remove [mem 0x000a0000-0x000fffff] usable\n",
      "<6>[    0.012582] last_pfn = 0x180000 max_arch_pfn = 0x400000000\n",
      "<6>[    0.013159] MTRR map: 4 entries (3 fixed + 1 variable; max 19), built from 8 variable MTRRs\n",
      "<6>[    0.013342] x86/PAT: Configuration [0-7]: WB  WC  UC- UC  WB  WP  UC- WT  \n",
      "<6>[    0.014429] last_pfn = 0x7ffdf max_arch_pfn = 0x400000000\n",
      "<6>[    0.034052] found SMP MP-table at [mem 0x000f5ba0-0x000f5baf]\n",
      "<6>[    0.039070] ACPI: Early table checksum verification disabled\n",
      "<6>[    0.039487] ACPI: RSDP 0x00000000000F59C0 000014 (v00 BOCHS )\n",
      "<6>[    0.039777] ACPI: RSDT 0x000000007FFE2346 000038 (v01 BOCHS  BXPC     00000001 BXPC 00000001)\n",
      "<6>[    0.040350] ACPI: FACP 0x000000007FFE2136 0000F4 (v03 BOCHS  BXPC     00000001 BXPC 00000001)\n",
      "<6>[    0.040940] ACPI: DSDT 0x000000007FFE0040 0020F6 (v01 BOCHS  BXPC     00000001 BXPC 00000001)\n",
      "<6>[    0.041043] ACPI: FACS 0x000000007FFE0000 000040\n",
      "<6>[    0.041105] ACPI: APIC 0x000000007FFE222A 000080 (v03 BOCHS  BXPC     00000001 BXPC 00000001)\n",
      "<6>[    0.041135] ACPI: HPET 0x000000007FFE22AA 000038 (v01 BOCHS  BXPC     00000001 BXPC 00000001)\n",
      "<6>[    0.041163] ACPI: MCFG 0x000000007FFE22E2 00003C (v01 BOCHS  BXPC     00000001 BXPC 00000001)\n",
      "<6>[    0.041190] ACPI: WAET 0x000000007FFE231E 000028 (v01 BOCHS  BXPC     00000001 BXPC 00000001)\n",
      "<6>[    0.041277] ACPI: Reserving FACP table memory at [mem 0x7ffe2136-0x7ffe2229]\n",
      "<6>[    0.041321] ACPI: Reserving DSDT table memory at [mem 0x7ffe0040-0x7ffe2135]\n",
      "<6>[    0.041329] ACPI: Reserving FACS table memory at [mem 0x7ffe0000-0x7ffe003f]\n",
      "<6>[    0.041336] ACPI: Reserving APIC table memory at [mem 0x7ffe222a-0x7ffe22a9]\n",
      "<6>[    0.041343] ACPI: Reserving HPET table memory at [mem 0x7ffe22aa-0x7ffe22e1]\n",
      "<6>[    0.041349] ACPI: Reserving MCFG table memory at [mem 0x7ffe22e2-0x7ffe231d]\n",
      "<6>[    0.041357] ACPI: Reserving WAET table memory at [mem 0x7ffe231e-0x7ffe2345]\n",
      "<6>[    0.043266] No NUMA configuration found\n",
      "<6>[    0.043291] Faking a node at [mem 0x0000000000000000-0x000000017fffffff]\n",
      "<6>[    0.043789] NODE_DATA(0) allocated [mem 0x17fffc000-0x17fffffff]\n",
      "<6>[    0.046018] Zone ranges:\n",
      "<6>[    0.046042]   DMA      [mem 0x0000000000001000-0x0000000000ffffff]\n",
      "<6>[    0.046107]   DMA32    [mem 0x0000000001000000-0x00000000ffffffff]\n",
      "<6>[    0.046121]   Normal   [mem 0x0000000100000000-0x000000017fffffff]\n",
      "<6>[    0.046136] Movable zone start for each node\n",
      "<6>[    0.046161] Early memory node ranges\n",
      "<6>[    0.046190]   node   0: [mem 0x0000000000001000-0x000000000009efff]\n",
      "<6>[    0.046344]   node   0: [mem 0x0000000000100000-0x000000007ffdefff]\n",
      "<6>[    0.046373]   node   0: [mem 0x0000000100000000-0x000000017fffffff]\n",
      "<6>[    0.046586] Initmem setup node 0 [mem 0x0000000000001000-0x000000017fffffff]\n",
      "<6>[    0.047478] On node 0, zone DMA: 1 pages in unavailable ranges\n",
      "<6>[    0.047706] On node 0, zone DMA: 97 pages in unavailable ranges\n",
      "<6>[    0.072867] On node 0, zone Normal: 33 pages in unavailable ranges\n",
      "<6>[    0.073447] ACPI: PM-Timer IO Port: 0x608\n",
      "<6>[    0.073894] ACPI: LAPIC_NMI (acpi_id[0xff] dfl dfl lint[0x1])\n",
      "<6>[    0.074274] IOAPIC[0]: apic_id 0, version 32, address 0xfec00000, GSI 0-23\n",
      "<6>[    0.074398] ACPI: INT_SRC_OVR (bus 0 bus_irq 0 global_irq 2 dfl dfl)\n",
      "<6>[    0.074707] ACPI: INT_SRC_OVR (bus 0 bus_irq 5 global_irq 5 high level)\n",
      "<6>[    0.074751] ACPI: INT_SRC_OVR (bus 0 bus_irq 9 global_irq 9 high level)\n",
      "<6>[    0.074857] ACPI: INT_SRC_OVR (bus 0 bus_irq 10 global_irq 10 high level)\n",
      "<6>[    0.074871] ACPI: INT_SRC_OVR (bus 0 bus_irq 11 global_irq 11 high level)\n",
      "<6>[    0.075063] ACPI: Using ACPI (MADT) for SMP configuration information\n",
      "<6>[    0.075109] ACPI: HPET id: 0x8086a201 base: 0xfed00000\n",
      "<6>[    0.075398] smpboot: Allowing 2 CPUs, 0 hotplug CPUs\n",
      "<6>[    0.076182] PM: hibernation: Registered nosave memory: [mem 0x00000000-0x00000fff]\n",
      "<6>[    0.076226] PM: hibernation: Registered nosave memory: [mem 0x0009f000-0x0009ffff]\n",
      "<6>[    0.076252] PM: hibernation: Registered nosave memory: [mem 0x000a0000-0x000effff]\n",
      "<6>[    0.076259] PM: hibernation: Registered nosave memory: [mem 0x000f0000-0x000fffff]\n",
      "<6>[    0.076269] PM: hibernation: Registered nosave memory: [mem 0x7ffdf000-0x7fffffff]\n",
      "<6>[    0.076276] PM: hibernation: Registered nosave memory: [mem 0x80000000-0xafffffff]\n",
      "<6>[    0.076282] PM: hibernation: Registered nosave memory: [mem 0xb0000000-0xbfffffff]\n",
      "<6>[    0.076288] PM: hibernation: Registered nosave memory: [mem 0xc0000000-0xfed1bfff]\n",
      "<6>[    0.076295] PM: hibernation: Registered nosave memory: [mem 0xfed1c000-0xfed1ffff]\n",
      "<6>[    0.076301] PM: hibernation: Registered nosave memory: [mem 0xfed20000-0xfffbffff]\n",
      "<6>[    0.076307] PM: hibernation: Registered nosave memory: [mem 0xfffc0000-0xffffffff]\n",
      "<6>[    0.076421] [mem 0xc0000000-0xfed1bfff] available for PCI devices\n",
      "<6>[    0.076455] Booting paravirtualized kernel on bare hardware\n",
      "<6>[    0.076751] clocksource: refined-jiffies: mask: 0xffffffff max_cycles: 0xffffffff, max_idle_ns: 1910969940391419 ns\n",
      "<6>[    0.077175] setup_percpu: NR_CPUS:64 nr_cpumask_bits:2 nr_cpu_ids:2 nr_node_ids:1\n",
      "<6>[    0.078645] percpu: Embedded 55 pages/cpu s184680 r8192 d32408 u1048576\n",
      "<7>[    0.079071] pcpu-alloc: s184680 r8192 d32408 u1048576 alloc=1*2097152\n",
      "<7>[    0.079155] pcpu-alloc: [0] 0 1 \n",
      "<5>[    0.080452] Kernel command line: console=ttyS0,115200 rootwait root=/dev/sda debug verbose console_msg_format=syslog systemd.log_level=warning rw earlycon\n",
      "<5>[    0.081462] Unknown kernel command line parameters \\\"verbose\\\", will be passed to user space.\n",
      "<6>[    0.083051] Dentry cache hash table entries: 524288 (order: 10, 4194304 bytes, linear)\n",
      "<6>[    0.083763] Inode-cache hash table entries: 262144 (order: 9, 2097152 bytes, linear)\n",
      "<6>[    0.086856] Fallback order for Node 0: 0 \n",
      "<6>[    0.087280] Built 1 zonelists, mobility grouping on.  Total pages: 1031903\n",
      "<6>[    0.087307] Policy zone: Normal\n",
      "<6>[    0.088271] mem auto-init: stack:all(zero), heap alloc:off, heap free:off\n",
      "<6>[    0.088767] software IO TLB: area num 2.\n",
      "<6>[    0.148739] Memory: 4013068K/4193780K available (22528K kernel code, 3229K rwdata, 8124K rodata, 3812K init, 944K bss, 180452K reserved, 0K cma-reserved)\n",
      "<6>[    0.152068] SLUB: HWalign=64, Order=0-3, MinObjects=0, CPUs=2, Nodes=1\n",
      "<6>[    0.152995] Kernel/User page tables isolation: enabled\n",
      "<6>[    0.156752] ftrace: allocating 60047 entries in 235 pages\n",
      "<6>[    0.207782] ftrace: allocated 235 pages with 6 groups\n",
      "<6>[    0.218692] Dynamic Preempt: voluntary\n",
      "<6>[    0.221879] rcu: Preemptible hierarchical RCU implementation.\n",
      "<6>[    0.221892] rcu: \tRCU event tracing is enabled.\n",
      "<6>[    0.221915] rcu: \tRCU restricting CPUs from NR_CPUS=64 to nr_cpu_ids=2.\n",
      "<6>[    0.222015] \tTrampoline variant of Tasks RCU enabled.\n",
      "<6>[    0.222024] \tRude variant of Tasks RCU enabled.\n",
      "<6>[    0.222133] rcu: RCU calculated value of scheduler-enlistment delay is 100 jiffies.\n",
      "<6>[    0.222162] rcu: Adjusting geometry for rcu_fanout_leaf=16, nr_cpu_ids=2\n",
      "<6>[    0.236979] NR_IRQS: 4352, nr_irqs: 440, preallocated irqs: 16\n",
      "<6>[    0.244317] rcu: srcu_init: Setting srcu_struct sizes based on contention.\n",
      "<6>[    0.247865] kfence: initialized - using 2097152 bytes for 255 objects at 0x(____ptrval____)-0x(____ptrval____)\n",
      "<6>[    0.252918] Console: colour VGA+ 80x25\n",
      "<6>[    0.254567] printk: console [ttyS0] enabled\n",
      "<6>[    0.327759] ACPI: Core revision 20230628\n",
      "<6>[    0.333062] clocksource: hpet: mask: 0xffffffff max_cycles: 0xffffffff, max_idle_ns: 19112604467 ns\n",
      "<6>[    0.339550] APIC: Switch to symmetric I/O mode setup\n",
      "<6>[    0.344771] ..TIMER: vector=0x30 apic1=0 pin1=2 apic2=-1 pin2=-1\n",
      "<6>[    0.351409] clocksource: tsc-early: mask: 0xffffffffffffffff max_cycles: 0x26326b0fb9e, max_idle_ns: 440795290924 ns\n",
      "<6>[    0.352954] Calibrating delay loop (skipped), value calculated using timer frequency.. 5299.82 BogoMIPS (lpj=2649913)\n",
      "<6>[    0.357699] Last level iTLB entries: 4KB 0, 2MB 0, 4MB 0\n",
      "<6>[    0.358045] Last level dTLB entries: 4KB 0, 2MB 0, 4MB 0, 1GB 0\n",
      "<6>[    0.359385] Spectre V1 : Mitigation: usercopy/swapgs barriers and __user pointer sanitization\n",
      "<6>[    0.360276] Spectre V2 : Mitigation: Retpolines\n",
      "<6>[    0.360625] Spectre V2 : Spectre v2 / SpectreRSB mitigation: Filling RSB on context switch\n",
      "<6>[    0.361361] Spectre V2 : Spectre v2 / SpectreRSB : Filling RSB on VMEXIT\n",
      "<6>[    0.362127] Speculative Store Bypass: Vulnerable\n",
      "<6>[    0.363990] MDS: Vulnerable: Clear CPU buffers attempted, no microcode\n",
      "<6>[    0.364408] MMIO Stale Data: Unknown: No mitigations\n",
      "<6>[    0.365983] x86/fpu: x87 FPU will use FXSAVE\n",
      "<6>[    0.550464] Freeing SMP alternatives memory: 52K\n",
      "<6>[    0.551342] pid_max: default: 32768 minimum: 301\n",
      "<6>[    0.557484] LSM: initializing lsm=capability,selinux,integrity\n",
      "<6>[    0.558440] SELinux:  Initializing.\n",
      "<6>[    0.565435] Mount-cache hash table entries: 8192 (order: 4, 65536 bytes, linear)\n",
      "<6>[    0.566325] Mountpoint-cache hash table entries: 8192 (order: 4, 65536 bytes, linear)\n",
      "<6>[    0.700325] smpboot: CPU0: Intel Core i7 9xx (Nehalem Class Core i7) (family: 0x6, model: 0x1a, stepping: 0x3)\n",
      "<6>[    0.710263] RCU Tasks: Setting shift to 1 and lim to 1 rcu_task_cb_adjust=1.\n",
      "<6>[    0.711325] RCU Tasks Rude: Setting shift to 1 and lim to 1 rcu_task_cb_adjust=1.\n",
      "<6>[    0.711741] Performance Events: unsupported p6 CPU model 26 no PMU driver, software events only.\n",
      "<6>[    0.712724] signal: max sigframe size: 1440\n",
      "<6>[    0.714907] rcu: Hierarchical SRCU implementation.\n",
      "<6>[    0.715277] rcu: \tMax phase no-delay instances is 400.\n",
      "<6>[    0.723497] smp: Bringing up secondary CPUs ...\n",
      "<6>[    0.729824] smpboot: x86: Booting SMP configuration:\n",
      "<6>[    0.730209] .... node  #0, CPUs:      #1\n",
      "<6>[    0.743776] smp: Brought up 1 node, 2 CPUs\n",
      "<6>[    0.744418] smpboot: Max logical packages: 1\n",
      "<6>[    0.745341] smpboot: Total of 2 processors activated (10599.65 BogoMIPS)\n",
      "<6>[    0.765148] devtmpfs: initialized\n",
      "<6>[    0.776394] clocksource: jiffies: mask: 0xffffffff max_cycles: 0xffffffff, max_idle_ns: 1911260446275000 ns\n",
      "<6>[    0.777808] futex hash table entries: 512 (order: 3, 32768 bytes, linear)\n",
      "<6>[    0.782650] PM: RTC time: 13:46:03, date: 2023-11-06\n",
      "<6>[    0.789044] NET: Registered PF_NETLINK/PF_ROUTE protocol family\n",
      "<6>[    0.793982] audit: initializing netlink subsys (disabled)\n",
      "<5>[    0.797381] audit: type=2000 audit(1699278363.457:1): state=initialized audit_enabled=0 res=1\n",
      "<6>[    0.802577] thermal_sys: Registered thermal governor 'step_wise'\n",
      "<6>[    0.802628] thermal_sys: Registered thermal governor 'user_space'\n",
      "<6>[    0.804713] cpuidle: using governor menu\n",
      "<6>[    0.809766] PCI: MMCONFIG for domain 0000 [bus 00-ff] at [mem 0xb0000000-0xbfffffff] (base 0xb0000000)\n",
      "<6>[    0.811786] PCI: MMCONFIG at [mem 0xb0000000-0xbfffffff] reserved as E820 entry\n",
      "<6>[    0.814659] PCI: Using configuration type 1 for base access\n",
      "<4>[    0.817113] mtrr: your CPUs had inconsistent fixed MTRR settings\n",
      "<4>[    0.817369] mtrr: your CPUs had inconsistent variable MTRR settings\n",
      "<4>[    0.818325] mtrr: your CPUs had inconsistent MTRRdefType settings\n",
      "<6>[    0.818325] mtrr: probably your BIOS does not setup all CPUs.\n",
      "<6>[    0.818364] mtrr: corrected configuration.\n",
      "<6>[    0.822499] kprobes: kprobe jump-optimization is enabled. All kprobes are optimized if possible.\n",
      "<6>[    0.940858] HugeTLB: registered 2.00 MiB page size, pre-allocated 0 pages\n",
      "<6>[    0.941388] HugeTLB: 28 KiB vmemmap can be freed for a 2.00 MiB page\n",
      "<6>[    0.956979] cryptd: max_cpu_qlen set to 1000\n",
      "<6>[    0.966727] ACPI: Added _OSI(Module Device)\n",
      "<6>[    0.967092] ACPI: Added _OSI(Processor Device)\n",
      "<6>[    0.967325] ACPI: Added _OSI(3.0 _SCP Extensions)\n",
      "<6>[    0.967325] ACPI: Added _OSI(Processor Aggregator Device)\n",
      "<6>[    0.996671] ACPI: 1 ACPI AML tables successfully acquired and loaded\n",
      "<6>[    1.043412] ACPI: _OSC evaluation for CPUs failed, trying _PDC\n",
      "<6>[    1.049773] ACPI: Interpreter enabled\n",
      "<6>[    1.052257] ACPI: PM: (supports S0 S3 S4 S5)\n",
      "<6>[    1.052715] ACPI: Using IOAPIC for interrupt routing\n",
      "<6>[    1.055382] PCI: Using host bridge windows from ACPI; if necessary, use \\\"pci=nocrs\\\" and report a bug\n",
      "<6>[    1.055999] PCI: Using E820 reservations for host bridge windows\n",
      "<6>[    1.059889] ACPI: Enabled 2 GPEs in block 00 to 3F\n",
      "<6>[    1.113981] ACPI: PCI Root Bridge [PCI0] (domain 0000 [bus 00-ff])\n",
      "<6>[    1.115445] acpi PNP0A08:00: _OSC: OS supports [ExtendedConfig ASPM ClockPM Segments MSI HPX-Type3]\n",
      "<6>[    1.119417] acpi PNP0A08:00: _OSC: platform does not support [LTR]\n",
      "<6>[    1.122637] acpi PNP0A08:00: _OSC: OS now controls [PME PCIeCapability]\n",
      "<6>[    1.128947] PCI host bridge to bus 0000:00\n",
      "<6>[    1.128947] pci_bus 0000:00: root bus resource [io  0x0000-0x0cf7 window]\n",
      "<6>[    1.130388] pci_bus 0000:00: root bus resource [io  0x0d00-0xffff window]\n",
      "<6>[    1.132347] pci_bus 0000:00: root bus resource [mem 0x000a0000-0x000bffff window]\n",
      "<6>[    1.134352] pci_bus 0000:00: root bus resource [mem 0x80000000-0xafffffff window]\n",
      "<6>[    1.135325] pci_bus 0000:00: root bus resource [mem 0xc0000000-0xfebfffff window]\n",
      "<6>[    1.135354] pci_bus 0000:00: root bus resource [mem 0x180000000-0x97fffffff window]\n",
      "<6>[    1.137404] pci_bus 0000:00: root bus resource [bus 00-ff]\n",
      "<6>[    1.143969] pci 0000:00:00.0: [8086:29c0] type 00 class 0x060000\n",
      "<6>[    1.150950] pci 0000:00:01.0: [1234:1111] type 00 class 0x030000\n",
      "<6>[    1.152610] pci 0000:00:01.0: reg 0x10: [mem 0xfd000000-0xfdffffff pref]\n",
      "<6>[    1.156906] pci 0000:00:01.0: reg 0x18: [mem 0xfebf0000-0xfebf0fff]\n",
      "<6>[    1.162249] pci 0000:00:01.0: reg 0x30: [mem 0xfebe0000-0xfebeffff pref]\n",
      "<6>[    1.162786] pci 0000:00:01.0: Video device with shadowed ROM at [mem 0x000c0000-0x000dffff]\n",
      "<6>[    1.164803] pci 0000:00:1f.0: [8086:2918] type 00 class 0x060100\n",
      "<6>[    1.165461] pci 0000:00:1f.0: quirk: [io  0x0600-0x067f] claimed by ICH6 ACPI/GPIO/TCO\n",
      "<6>[    1.169253] pci 0000:00:1f.2: [8086:2922] type 00 class 0x010601\n",
      "<6>[    1.174955] pci 0000:00:1f.2: reg 0x20: [io  0xc040-0xc05f]\n",
      "<6>[    1.177369] pci 0000:00:1f.2: reg 0x24: [mem 0xfebf1000-0xfebf1fff]\n",
      "<6>[    1.181129] pci 0000:00:1f.3: [8086:2930] type 00 class 0x0c0500\n",
      "<6>[    1.184426] pci 0000:00:1f.3: reg 0x20: [io  0x0700-0x073f]\n",
      "<6>[    1.194106] ACPI: PCI: Interrupt link LNKA configured for IRQ 10\n",
      "<6>[    1.196651] ACPI: PCI: Interrupt link LNKB configured for IRQ 10\n",
      "<6>[    1.198968] ACPI: PCI: Interrupt link LNKC configured for IRQ 11\n",
      "<6>[    1.202546] ACPI: PCI: Interrupt link LNKD configured for IRQ 11\n",
      "<6>[    1.204623] ACPI: PCI: Interrupt link LNKE configured for IRQ 10\n",
      "<6>[    1.206430] ACPI: PCI: Interrupt link LNKF configured for IRQ 10\n",
      "<6>[    1.207036] ACPI: PCI: Interrupt link LNKG configured for IRQ 11\n",
      "<6>[    1.208793] ACPI: PCI: Interrupt link LNKH configured for IRQ 11\n",
      "<6>[    1.209926] ACPI: PCI: Interrupt link GSIA configured for IRQ 16\n",
      "<6>[    1.210883] ACPI: PCI: Interrupt link GSIB configured for IRQ 17\n",
      "<6>[    1.211898] ACPI: PCI: Interrupt link GSIC configured for IRQ 18\n",
      "<6>[    1.212325] ACPI: PCI: Interrupt link GSID configured for IRQ 19\n",
      "<6>[    1.213865] ACPI: PCI: Interrupt link GSIE configured for IRQ 20\n",
      "<6>[    1.214519] ACPI: PCI: Interrupt link GSIF configured for IRQ 21\n",
      "<6>[    1.217415] ACPI: PCI: Interrupt link GSIG configured for IRQ 22\n",
      "<6>[    1.217977] ACPI: PCI: Interrupt link GSIH configured for IRQ 23\n",
      "<6>[    1.224720] iommu: Default domain type: Translated\n",
      "<6>[    1.225102] iommu: DMA domain TLB invalidation policy: lazy mode\n",
      "<5>[    1.228409] SCSI subsystem initialized\n",
      "<7>[    1.230698] libata version 3.00 loaded.\n",
      "<6>[    1.233065] ACPI: bus type USB registered\n",
      "<6>[    1.234455] usbcore: registered new interface driver usbfs\n",
      "<6>[    1.235574] usbcore: registered new interface driver hub\n",
      "<6>[    1.236419] usbcore: registered new device driver usb\n",
      "<6>[    1.237641] mc: Linux media interface: v0.10\n",
      "<6>[    1.238402] videodev: Linux video capture interface: v2.00\n",
      "<6>[    1.238975] pps_core: LinuxPPS API ver. 1 registered\n",
      "<6>[    1.239360] pps_core: Software ver. 5.3.6 - Copyright 2005-2007 Rodolfo Giometti <giometti@linux.it>\n",
      "<6>[    1.240056] PTP clock support registered\n",
      "<6>[    1.245813] Advanced Linux Sound Architecture Driver Initialized.\n",
      "<6>[    1.261595] NetLabel: Initializing\n",
      "<6>[    1.261901] NetLabel:  domain hash size = 128\n",
      "<6>[    1.262204] NetLabel:  protocols = UNLABELED CIPSOv4 CALIPSO\n",
      "<6>[    1.264349] NetLabel:  unlabeled traffic allowed by default\n",
      "<6>[    1.271376] PCI: Using ACPI for IRQ routing\n",
      "<7>[    1.284571] PCI: pci_cache_line_size set to 64 bytes\n",
      "<7>[    1.285717] e820: reserve RAM buffer [mem 0x0009fc00-0x0009ffff]\n",
      "<7>[    1.286403] e820: reserve RAM buffer [mem 0x7ffdf000-0x7fffffff]\n",
      "<6>[    1.289821] pci 0000:00:01.0: vgaarb: setting as boot VGA device\n",
      "<6>[    1.290291] pci 0000:00:01.0: vgaarb: bridge control possible\n",
      "<6>[    1.290325] pci 0000:00:01.0: vgaarb: VGA device added: decodes=io+mem,owns=io+mem,locks=none\n",
      "<6>[    1.292433] vgaarb: loaded\n",
      "<6>[    1.296928] hpet: 3 channels of 0 reserved for per-cpu timers\n",
      "<6>[    1.298670] hpet0: at MMIO 0xfed00000, IRQs 2, 8, 0\n",
      "<6>[    1.299386] hpet0: 3 comparators, 64-bit 100.000000 MHz counter\n",
      "<6>[    1.316907] clocksource: Switched to clocksource tsc-early\n",
      "<5>[    1.965140] VFS: Disk quotas dquot_6.6.0\n",
      "<6>[    1.967693] VFS: Dquot-cache hash table entries: 512 (order 0, 4096 bytes)\n",
      "<6>[    1.971926] pnp: PnP ACPI init\n",
      "<6>[    1.977328] system 00:05: [mem 0xb0000000-0xbfffffff window] has been reserved\n",
      "<6>[    1.981692] pnp: PnP ACPI: found 6 devices\n",
      "<6>[    2.026067] clocksource: acpi_pm: mask: 0xffffff max_cycles: 0xffffff, max_idle_ns: 2085701024 ns\n",
      "<6>[    2.028010] NET: Registered PF_INET protocol family\n",
      "<6>[    2.030671] IP idents hash table entries: 65536 (order: 7, 524288 bytes, linear)\n",
      "<6>[    2.041805] tcp_listen_portaddr_hash hash table entries: 2048 (order: 3, 32768 bytes, linear)\n",
      "<6>[    2.042603] Table-perturb hash table entries: 65536 (order: 6, 262144 bytes, linear)\n",
      "<6>[    2.043658] TCP established hash table entries: 32768 (order: 6, 262144 bytes, linear)\n",
      "<6>[    2.045093] TCP bind hash table entries: 32768 (order: 8, 1048576 bytes, linear)\n",
      "<6>[    2.047096] TCP: Hash tables configured (established 32768 bind 32768)\n",
      "<6>[    2.050101] MPTCP token hash table entries: 4096 (order: 4, 98304 bytes, linear)\n",
      "<6>[    2.051345] UDP hash table entries: 2048 (order: 4, 65536 bytes, linear)\n",
      "<6>[    2.052755] UDP-Lite hash table entries: 2048 (order: 4, 65536 bytes, linear)\n",
      "<6>[    2.055238] NET: Registered PF_UNIX/PF_LOCAL protocol family\n",
      "<6>[    2.059442] RPC: Registered named UNIX socket transport module.\n",
      "<6>[    2.059959] RPC: Registered udp transport module.\n",
      "<6>[    2.060603] RPC: Registered tcp transport module.\n",
      "<6>[    2.061347] RPC: Registered tcp-with-tls transport module.\n",
      "<6>[    2.062294] RPC: Registered tcp NFSv4.1 backchannel transport module.\n",
      "<6>[    2.067451] pci_bus 0000:00: resource 4 [io  0x0000-0x0cf7 window]\n",
      "<6>[    2.068114] pci_bus 0000:00: resource 5 [io  0x0d00-0xffff window]\n",
      "<6>[    2.069049] pci_bus 0000:00: resource 6 [mem 0x000a0000-0x000bffff window]\n",
      "<6>[    2.070209] pci_bus 0000:00: resource 7 [mem 0x80000000-0xafffffff window]\n",
      "<6>[    2.071407] pci_bus 0000:00: resource 8 [mem 0xc0000000-0xfebfffff window]\n",
      "<6>[    2.072263] pci_bus 0000:00: resource 9 [mem 0x180000000-0x97fffffff window]\n",
      "<6>[    2.074312] PCI: CLS 0 bytes, default 64\n",
      "<6>[    2.075690] PCI-DMA: Using software bounce buffering for IO (SWIOTLB)\n",
      "<6>[    2.076423] software IO TLB: mapped [mem 0x000000007bfdf000-0x000000007ffdf000] (64MB)\n",
      "<3>[    2.080793] kvm_intel: VMX not supported by CPU 1\n",
      "<3>[    2.081949] kvm_amd: CPU 1 isn't AMD or Hygon\n",
      "<6>[    2.089590] CPU feature 'AVX registers' is not supported.\n",
      "<6>[    2.091403] CPU feature 'AVX registers' is not supported.\n",
      "<6>[    2.092142] AVX2 instructions are not detected.\n",
      "<6>[    2.093622] AVX or AES-NI instructions are not detected.\n",
      "<6>[    2.094039] AVX2 or AES-NI instructions are not detected.\n",
      "<6>[    2.095016] CPU feature 'AVX registers' is not supported.\n",
      "<6>[    2.095448] CPU feature 'AVX registers' is not supported.\n",
      "<6>[    2.097655] PCLMULQDQ-NI instructions are not detected.\n",
      "<5>[    2.102672] Initialise system trusted keyrings\n",
      "<6>[    2.105471] workingset: timestamp_bits=40 max_order=20 bucket_order=0\n",
      "<5>[    2.111453] NFS: Registering the id_resolver key type\n",
      "<5>[    2.112711] Key type id_resolver registered\n",
      "<5>[    2.113104] Key type id_legacy registered\n",
      "<6>[    2.114982] 9p: Installing v9fs 9p2000 file system support\n",
      "<6>[    2.178213] NET: Registered PF_ALG protocol family\n",
      "<5>[    2.178958] Key type asymmetric registered\n",
      "<5>[    2.179368] Asymmetric key parser 'x509' registered\n",
      "<6>[    2.179652] Block layer SCSI generic (bsg) driver version 0.4 loaded (major 250)\n",
      "<6>[    2.182336] io scheduler mq-deadline registered\n",
      "<6>[    2.182785] io scheduler kyber registered\n",
      "<6>[    2.187862] input: Power Button as /devices/LNXSYSTM:00/LNXPWRBN:00/input/input0\n",
      "<6>[    2.192864] ACPI: button: Power Button [PWRF]\n",
      "<6>[    2.199245] Serial: 8250/16550 driver, 4 ports, IRQ sharing enabled\n",
      "<6>[    2.203906] 00:03: ttyS0 at I/O 0x3f8 (irq = 4, base_baud = 115200) is a 16550A\n",
      "<6>[    2.213299] Non-volatile memory driver v1.3\n",
      "<6>[    2.213825] Linux agpgart interface v0.103\n",
      "<6>[    2.216651] ACPI: bus type drm_connector registered\n",
      "<6>[    2.240374] loop: module loaded\n",
      "<7>[    2.242969] ahci 0000:00:1f.2: version 3.0\n",
      "<6>[    2.249718] ACPI: \\_SB_.GSIA: Enabled at IRQ 16\n",
      "<6>[    2.261174] ahci 0000:00:1f.2: AHCI 0001.0000 32 slots 6 ports 1.5 Gbps 0x3f impl SATA mode\n",
      "<6>[    2.262635] ahci 0000:00:1f.2: flags: 64bit ncq only \n",
      "<6>[    2.273146] scsi host0: ahci\n",
      "<6>[    2.276704] scsi host1: ahci\n",
      "<6>[    2.279106] scsi host2: ahci\n",
      "<6>[    2.281418] scsi host3: ahci\n",
      "<6>[    2.283690] scsi host4: ahci\n",
      "<6>[    2.286169] scsi host5: ahci\n",
      "<6>[    2.287657] ata1: SATA max UDMA/133 abar m4096@0xfebf1000 port 0xfebf1100 irq 24\n",
      "<6>[    2.288159] ata2: SATA max UDMA/133 abar m4096@0xfebf1000 port 0xfebf1180 irq 24\n",
      "<6>[    2.288852] ata3: SATA max UDMA/133 abar m4096@0xfebf1000 port 0xfebf1200 irq 24\n",
      "<6>[    2.289658] ata4: SATA max UDMA/133 abar m4096@0xfebf1000 port 0xfebf1280 irq 24\n",
      "<6>[    2.290173] ata5: SATA max UDMA/133 abar m4096@0xfebf1000 port 0xfebf1300 irq 24\n",
      "<6>[    2.291121] ata6: SATA max UDMA/133 abar m4096@0xfebf1000 port 0xfebf1380 irq 24\n",
      "<6>[    2.307303] e100: Intel(R) PRO/100 Network Driver\n",
      "<6>[    2.307764] e100: Copyright(c) 1999-2006 Intel Corporation\n",
      "<6>[    2.308411] e1000: Intel(R) PRO/1000 Network Driver\n",
      "<6>[    2.309094] e1000: Copyright (c) 1999-2006 Intel Corporation.\n",
      "<6>[    2.310035] e1000e: Intel(R) PRO/1000 Network Driver\n",
      "<6>[    2.311684] e1000e: Copyright(c) 1999 - 2015 Intel Corporation.\n",
      "<6>[    2.312251] igb: Intel(R) Gigabit Ethernet Network Driver\n",
      "<6>[    2.312995] igb: Copyright (c) 2007-2014 Intel Corporation.\n",
      "<6>[    2.314179] sky2: driver version 1.30\n",
      "<6>[    2.315099] QLogic FastLinQ 4xxxx Core Module qed\n",
      "<6>[    2.315616] qede init: QLogic FastLinQ 4xxxx Ethernet Driver qede\n",
      "<6>[    2.317440] usbcore: registered new interface driver asix\n",
      "<6>[    2.318302] usbcore: registered new interface driver ax88179_178a\n",
      "<6>[    2.319643] usbcore: registered new interface driver cdc_ether\n",
      "<6>[    2.320181] usbcore: registered new interface driver net1080\n",
      "<6>[    2.320978] usbcore: registered new interface driver cdc_subset\n",
      "<6>[    2.321871] usbcore: registered new interface driver zaurus\n",
      "<6>[    2.322895] usbcore: registered new interface driver cdc_ncm\n",
      "<6>[    2.323772] usbcore: registered new interface driver r8153_ecm\n",
      "<6>[    2.327366] usbcore: registered new interface driver usblp\n",
      "<6>[    2.328428] usbcore: registered new interface driver usb-storage\n",
      "<6>[    2.330398] i8042: PNP: PS/2 Controller [PNP0303:KBD,PNP0f13:MOU] at 0x60,0x64 irq 1,12\n",
      "<6>[    2.335306] serio: i8042 KBD port at 0x60,0x64 irq 1\n",
      "<6>[    2.336116] serio: i8042 AUX port at 0x60,0x64 irq 12\n",
      "<6>[    2.340404] rtc_cmos 00:04: RTC can wake from S4\n",
      "<6>[    2.343534] input: AT Translated Set 2 keyboard as /devices/platform/i8042/serio0/input/input1\n",
      "<6>[    2.349194] rtc_cmos 00:04: registered as rtc0\n",
      "<6>[    2.351911] rtc_cmos 00:04: alarms up to one day, y3k, 242 bytes nvram, hpet irqs\n",
      "<3>[    2.354960] fail to initialize ptp_kvm\n",
      "<6>[    2.357069] device-mapper: ioctl: 4.48.0-ioctl (2023-03-01) initialised: dm-devel@redhat.com\n",
      "<6>[    2.359946] intel_pstate: CPU model not supported\n",
      "<6>[    2.368907] i801_smbus 0000:00:1f.3: SMBus using PCI interrupt\n",
      "<6>[    2.375113] i2c i2c-0: 1/1 memory slots populated (from DMI)\n",
      "<6>[    2.377282] i2c i2c-0: Memory type 0x07 not supported yet, not instantiating SPD\n",
      "<6>[    2.391127] kworker/u4:7 (71) used greatest stack depth: 14488 bytes left\n",
      "<6>[    2.400022] hid: raw HID events driver (C) Jiri Kosina\n",
      "<6>[    2.404023] usbcore: registered new interface driver usbhid\n",
      "<6>[    2.404382] usbhid: USB HID core driver\n",
      "<6>[    2.414696] Initializing XFRM netlink socket\n",
      "<6>[    2.415926] NET: Registered PF_INET6 protocol family\n",
      "<6>[    2.424333] Segment Routing with IPv6\n",
      "<6>[    2.424510] In-situ OAM (IOAM) with IPv6\n",
      "<6>[    2.427276] sit: IPv6, IPv4 and MPLS over IPv4 tunneling driver\n",
      "<6>[    2.431291] NET: Registered PF_PACKET protocol family\n",
      "<6>[    2.433440] 9pnet: Installing 9P2000 support\n",
      "<5>[    2.434437] Key type dns_resolver registered\n",
      "<6>[    2.438058] IPI shorthand broadcast: enabled\n",
      "<6>[    2.478123] sched_clock: Marking stable (2383055654, 94447397)->(2507093407, -29590356)\n",
      "<6>[    2.482906] registered taskstats version 1\n",
      "<5>[    2.483298] Loading compiled-in X.509 certificates\n",
      "<6>[    2.509441] PM:   Magic number: 15:96:786\n",
      "<6>[    2.511203] printk: console [netcon0] enabled\n",
      "<6>[    2.512241] netconsole: network logging started\n",
      "<5>[    2.514707] cfg80211: Loading compiled-in X.509 certificates for regulatory database\n",
      "<5>[    2.530874] Loaded X.509 cert 'sforshee: 00b28ddf47aef9cea7'\n",
      "<6>[    2.534924] ALSA device list:\n",
      "<6>[    2.535275]   No soundcards found.\n",
      "<4>[    2.537395] platform regulatory.0: Direct firmware load for regulatory.db failed with error -2\n",
      "<6>[    2.539805] cfg80211: failed to load regulatory.db\n",
      "<6>[    2.609648] ata4: SATA link down (SStatus 0 SControl 300)\n",
      "<6>[    2.612718] ata6: SATA link down (SStatus 0 SControl 300)\n",
      "<6>[    2.614542] ata5: SATA link down (SStatus 0 SControl 300)\n",
      "<6>[    2.616607] ata3: SATA link up 1.5 Gbps (SStatus 113 SControl 300)\n",
      "<6>[    2.621103] ata3.00: ATAPI: QEMU DVD-ROM, 2.5+, max UDMA/100\n",
      "<6>[    2.622019] ata3.00: applying bridge limits\n",
      "<6>[    2.624818] ata1: SATA link up 1.5 Gbps (SStatus 113 SControl 300)\n",
      "<6>[    2.626224] ata2: SATA link down (SStatus 0 SControl 300)\n",
      "<6>[    2.627771] ata1.00: ATA-7: QEMU HARDDISK, 2.5+, max UDMA/100\n",
      "<6>[    2.628764] ata1.00: 4891072 sectors, multi 16: LBA48 NCQ (depth 32)\n",
      "<6>[    2.629808] ata1.00: applying bridge limits\n",
      "<6>[    2.631342] ata3.00: configured for UDMA/100\n",
      "<6>[    2.634297] ata1.00: configured for UDMA/100\n",
      "<5>[    2.642914] scsi 0:0:0:0: Direct-Access     ATA      QEMU HARDDISK    2.5+ PQ: 0 ANSI: 5\n",
      "<5>[    2.652870] sd 0:0:0:0: Attached scsi generic sg0 type 0\n",
      "<5>[    2.653968] sd 0:0:0:0: [sda] 4891072 512-byte logical blocks: (2.50 GB/2.33 GiB)\n",
      "<5>[    2.658922] sd 0:0:0:0: [sda] Write Protect is off\n",
      "<7>[    2.660169] sd 0:0:0:0: [sda] Mode Sense: 00 3a 00 00\n",
      "<5>[    2.660479] scsi 2:0:0:0: CD-ROM            QEMU     QEMU DVD-ROM     2.5+ PQ: 0 ANSI: 5\n",
      "<5>[    2.661806] sd 0:0:0:0: [sda] Write cache: enabled, read cache: enabled, doesn't support DPO or FUA\n",
      "<6>[    2.665845] sd 0:0:0:0: [sda] Preferred minimum I/O size 512 bytes\n",
      "<6>[    2.681885] sr 2:0:0:0: [sr0] scsi3-mmc drive: 4x/4x cd/rw xa/form2 tray\n",
      "<6>[    2.683418] cdrom: Uniform CD-ROM driver Revision: 3.20\n",
      "<5>[    2.686121] sd 0:0:0:0: [sda] Attached SCSI disk\n",
      "<7>[    2.693114] sr 2:0:0:0: Attached scsi CD-ROM sr0\n",
      "<5>[    2.695354] sr 2:0:0:0: Attached scsi generic sg1 type 5\n",
      "<6>[    2.800072] input: ImExPS/2 Generic Explorer Mouse as /devices/platform/i8042/serio1/input/input3\n",
      "<6>[    2.802676] md: Waiting for all devices to be available before autodetect\n",
      "<6>[    2.803100] md: If you don't use raid, use raid=noautodetect\n",
      "<6>[    2.803566] md: Autodetecting RAID arrays.\n",
      "<6>[    2.804732] md: autorun ...\n",
      "<6>[    2.805441] md: ... autorun DONE.\n",
      "<6>[    2.835658] EXT4-fs (sda): mounted filesystem f0cf7873-1955-4479-97fd-6db8f67543ef r/w with ordered data mode. Quota mode: none.\n",
      "<6>[    2.837321] VFS: Mounted root (ext4 filesystem) on device 8:0.\n",
      "<6>[    2.840581] devtmpfs: mounted\n",
      "<6>[    2.932276] Freeing unused kernel image (initmem) memory: 3812K\n",
      "<6>[    2.934246] Write protecting the kernel read-only data: 30720k\n",
      "<6>[    2.936875] Freeing unused kernel image (rodata/data gap) memory: 68K\n",
      "<6>[    2.955312] ext4lazyinit (87) used greatest stack depth: 13400 bytes left\n",
      "<6>[    3.083850] x86/mm: Checked W+X mappings: passed, no W+X pages found.\n",
      "<6>[    3.086048] x86/mm: Checking user space page tables\n",
      "<6>[    3.223164] x86/mm: Checked W+X mappings: passed, no W+X pages found.\n",
      "<6>[    3.224155] tsc: Refined TSC clocksource calibration: 2649.938 MHz\n",
      "<6>[    3.225555] Run /sbin/init as init process\n",
      "<7>[    3.227263]   with arguments:\n",
      "<7>[    3.227791]     /sbin/init\n",
      "<7>[    3.228319]     verbose\n",
      "<7>[    3.228530]   with environment:\n",
      "<6>[    3.229028] clocksource: tsc: mask: 0xffffffffffffffff max_cycles: 0x263282922f7, max_idle_ns: 440795206354 ns\n",
      "<7>[    3.229811]     HOME=/\n",
      "<7>[    3.230137]     TERM=linux\n",
      "<6>[    3.232084] clocksource: Switched to clocksource tsc\n",
      "SELinux:  Could not open policy file <= /etc/selinux/targeted/policy/policy.33:  No such file or directory\n",
      "\n",
      "Welcome to [1mDebian GNU/Linux 12 (bookworm)[0m!\n",
      "\n",
      "<6>[    4.752656] systemd-fstab-g (91) used greatest stack depth: 13120 bytes left\n",
      "<6>[    4.758766] systemd-cryptse (89) used greatest stack depth: 13096 bytes left\n",
      "<5>[    5.042609] random: crng init done\n",
      "[[0;32m  OK  [0m] Created slice [0;1;39msystem-getty.slice[0m - Slice /system/getty.\n",
      "[[0;32m  OK  [0m] Created slice [0;1;39msystem-modprlice[0m - Slice /system/modprobe.\n",
      "[[0;32m  OK  [0m] Created slice [0;1;39msystem-seria[0m - Slice /system/serial-getty.\n",
      "[[0;32m  OK  [0m] Created slice [0;1;39muser.slice[0m - User and Session Slice.\n",
      "[[0;32m  OK  [0m] Started [0;1;39msystemd-ask-passwoquests to Console Directory Watch.\n",
      "[[0;32m  OK  [0m] Started [0;1;39msystemd-ask-passwo Requests to Wall Directory Watch.\n",
      "[[0;32m  OK  [0m] Set up automount [0;1;39mproc-sys-rmats File System Automount Point.\n",
      "[[0;32m  OK  [0m] Reached target [0;1;39mcryptsetup.get[0m - Local Encrypted Volumes.\n",
      "[[0;32m  OK  [0m] Reached target [0;1;39mintegrityseLocal Integrity Protected Volumes.\n",
      "[[0;32m  OK  [0m] Reached target [0;1;39mpaths.target[0m - Path Units.\n",
      "[[0;32m  OK  [0m] Reached target [0;1;39mremote-fs.target[0m - Remote File Systems.\n",
      "[[0;32m  OK  [0m] Reached target [0;1;39mslices.target[0m - Slice Units.\n",
      "[[0;32m  OK  [0m] Reached target [0;1;39mswap.target[0m - Swaps.\n",
      "[[0;32m  OK  [0m] Reached target [0;1;39mveritysetup - Local Verity Protected Volumes.\n",
      "[[0;32m  OK  [0m] Listening on [0;1;39msystemd-initc initctl Compatibility Named Pipe.\n",
      "[[0;32m  OK  [0m] Listening on [0;1;39msystemd-journsocket[0m - Journal Audit Socket.\n",
      "[[0;32m  OK  [0m] Listening on [0;1;39msystemd-journt[0m - Journal Socket (/dev/log).\n",
      "[[0;32m  OK  [0m] Listening on [0;1;39msystemd-journald.socket[0m - Journal Socket.\n",
      "[[0;32m  OK  [0m] Listening on [0;1;39msystemd-udevd.socket[0m - udev Control Socket.\n",
      "[[0;32m  OK  [0m] Listening on [0;1;39msystemd-udevdl.socket[0m - udev Kernel Socket.\n",
      "         Mounting [0;1;39mdev-hugepages.mount[0m - Huge Pages File System...\n",
      "         Mounting [0;1;39mdev-mqueue.mountPOSIX Message Queue File System...\n",
      "         Mounting [0;1;39msys-kernel-debug.[0m - Kernel Debug File System...\n",
      "         Mounting [0;1;39msys-kernel-tracin[0m - Kernel Trace File System...\n",
      "         Starting [0;1;39mkmod-static-nodesate List of Static Device Nodes...\n",
      "         Starting [0;1;39mmodprobe@configfsm - Load Kernel Module configfs...\n",
      "         Starting [0;1;39mmodprobe@dm_mod.s[0m - Load Kernel Module dm_mod...\n",
      "         Starting [0;1;39mmodprobe@drm.service[0m - Load Kernel Module drm...\n",
      "         Starting [0;1;39mmodprobe@efi_psto- Load Kernel Module efi_pstore...\n",
      "         Starting [0;1;39mmodprobe@fuse.sere[0m - Load Kernel Module fuse...\n",
      "         Starting [0;1;39mmodprobe@loop.sere[0m - Load Kernel Module loop...\n",
      "<28>[    6.939114] systemd[1]: systemd-journald.service: unit configures an IP firewall, but the local system does not support BPF/cgroup firewalling.\n",
      "<28>[    6.943881] systemd[1]: (This warning is only shown for the first unit using IP firewalling.)\n",
      "         Starting [0;1;39msystemd-journald.service[0m - Journal Service...\n",
      "         Starting [0;1;39msystemd-modules-lrvice[0m - Load Kernel Modules...\n",
      "         Starting [0;1;39msystemd-remount-fnt Root and Kernel File Systems...\n",
      "         Starting [0;1;39msystemd-udev-trig[0m - Coldplug All udev Devices...\n",
      "[[0;32m  OK  [0m] Mounted [0;1;39mdev-hugepages.mount[0m - Huge Pages File System.\n",
      "[[0;32m  OK  [0m] Mounted [0;1;39mdev-mqueue.mount[- POSIX Message Queue File System.\n",
      "[[0;32m  OK  [0m] Mounted [0;1;39msys-kernel-debug.mnt[0m - Kernel Debug File System.\n",
      "[[0;32m  OK  [0m] Mounted [0;1;39msys-kernel-tracingnt[0m - Kernel Trace File System.\n",
      "[[0;32m  OK  [0m] Finished [0;1;39mkmod-static-nodesreate List of Static Device Nodes.\n",
      "[[0;32m  OK  [0m] Finished [0;1;39mmodprobe@configfs[0m - Load Kernel Module configfs.\n",
      "[[0;32m  OK  [0m] Finished [0;1;39mmodprobe@dm_mod.se[0m - Load Kernel Module dm_mod.\n",
      "[[0;32m  OK  [0m] Finished [0;1;39mmodprobe@drm.service[0m - Load Kernel Module drm.\n",
      "[[0;32m  OK  [0m] Finished [0;1;39mmodprobe@efi_pstom - Load Kernel Module efi_pstore.\n",
      "[[0;32m  OK  [0m] Finished [0;1;39mmodprobe@fuse.service[0m - Load Kernel Module fuse.\n",
      "[[0;32m  OK  [0m] Finished [0;1;39mmodprobe@loop.service[0m - Load Kernel Module loop.\n",
      "[[0;32m  OK  [0m] Finished [0;1;39msystemd-modules-lservice[0m - Load Kernel Modules.\n",
      "[[0;32m  OK  [0m] Finished [0;1;39msystemd-remount-fount Root and Kernel File Systems.\n",
      "         Starting [0;1;39msystemd-random-seice[0m - Load/Save Random Seed...\n",
      "         Starting [0;1;39msystemd-sysctl.sece[0m - Apply Kernel Variables...\n",
      "         Starting [0;1;39msystemd-sysusers.rvice[0m - Create System Users...\n",
      "[[0;32m  OK  [0m] Finished [0;1;39msystemd-random-service[0m - Load/Save Random Seed.\n",
      "<6>[    8.677297] systemd-sysctl (119) used greatest stack depth: 13024 bytes left\n",
      "[[0;32m  OK  [0m] Finished [0;1;39msystemd-sysctl.service[0m - Apply Kernel Variables.\n",
      "[[0;32m  OK  [0m] Finished [0;1;39msystemd-sysusers.service[0m - Create System Users.\n",
      "         Starting [0;1;39msystemd-tmpfiles-ate Static Device Nodes in /dev...\n",
      "[[0;32m  OK  [0m] Started [0;1;39msystemd-journald.service[0m - Journal Service.\n",
      "         Starting [0;1;39msystemd-journal-fh Journal to Persistent Storage...\n",
      "[[0;32m  OK  [0m] Finished [0;1;39msystemd-tmpfiles-reate Static Device Nodes in /dev.\n",
      "[[0;32m  OK  [0m] Reached target [0;1;39mlocal-fs-prreparation for Local File Systems.\n",
      "[[0;32m  OK  [0m] Reached target [0;1;39mlocal-fs.target[0m - Local File Systems.\n",
      "         Starting [0;1;39msystemd-binfmt.seet Up Additional Binary Formats...\n",
      "         Starting [0;1;39msystemd-udevd.serger for Device Events and Files...\n",
      "         Mounting [0;1;39mproc-sys-fs-binfmutable File Formats File System...\n",
      "[[0;32m  OK  [0m] Mounted [0;1;39mproc-sys-fs-binfmtecutable File Formats File System.\n",
      "[[0;32m  OK  [0m] Finished [0;1;39msystemd-journal-fush Journal to Persistent Storage.\n",
      "[[0;32m  OK  [0m] Finished [0;1;39msystemd-binfmt.se Set Up Additional Binary Formats.\n",
      "         Starting [0;1;39msystemd-tmpfiles- Volatile Files and Directories...\n",
      "[[0;32m  OK  [0m] Finished [0;1;39msystemd-tmpfiles-te Volatile Files and Directories.\n",
      "         Starting [0;1;39msystemd-update-utrd System Boot/Shutdown in UTMP...\n",
      "[[0;32m  OK  [0m] Started [0;1;39msystemd-udevd.servnager for Device Events and Files.\n",
      "[[0;32m  OK  [0m] Finished [0;1;39msystemd-update-utcord System Boot/Shutdown in UTMP.\n",
      "[[0;32m  OK  [0m] Finished [0;1;39msystemd-udev-trige[0m - Coldplug All udev Devices.\n",
      "[[0;32m  OK  [0m] Reached target [0;1;39msysinit.target[0m - System Initialization.\n",
      "[[0;32m  OK  [0m] Started [0;1;39mapt-daily.timer[0m - Daily apt download activities.\n",
      "[[0;32m  OK  [0m] Started [0;1;39mapt-daily-upgrade. apt upgrade and clean activities.\n",
      "[[0;32m  OK  [0m] Started [0;1;39mdpkg-db-backup.tim Daily dpkg database backup timer.\n",
      "[[0;32m  OK  [0m] Started [0;1;39me2scrub_all.timeretadata Check for All Filesystems.\n",
      "[[0;32m  OK  [0m] Started [0;1;39mfstrim.timer[0m - Discard unused blocks once a week.\n",
      "[[0;32m  OK  [0m] Started [0;1;39mlogrotate.timer[0m - Daily rotation of log files.\n",
      "[[0;32m  OK  [0m] Started [0;1;39msystemd-tmpfiles-c Cleanup of Temporary Directories.\n",
      "[[0;32m  OK  [0m] Reached target [0;1;39mtimers.target[0m - Timer Units.\n",
      "[[0;32m  OK  [0m] Listening on [0;1;39mdbus.socket[- D-Bus System Message Bus Socket.\n",
      "[[0;32m  OK  [0m] Reached target [0;1;39msockets.target[0m - Socket Units.\n",
      "[[0;32m  OK  [0m] Reached target [0;1;39mbasic.target[0m - Basic System.\n",
      "[[0;32m  OK  [0m] Started [0;1;39mcron.service[0m -kground program processing daemon.\n",
      "         Starting [0;1;39mdbus.service[0m - D-Bus System Message Bus...\n",
      "         Starting [0;1;39me2scrub_reap.serve ext4 Metadata Check Snapshots...\n",
      "         Starting [0;1;39msystemd-logind.seice[0m - User Login Management...\n",
      "         Starting [0;1;39msystemd-user-sessvice[0m - Permit User Sessions...\n",
      "[[0;32m  OK  [0m] Started [0;1;39mdbus.service[0m - D-Bus System Message Bus.\n",
      "[[0;32m  OK  [0m] Finished [0;1;39msystemd-user-sesservice[0m - Permit User Sessions.\n",
      "[[0;32m  OK  [0m] Started [0;1;39mgetty@tty1.service[0m - Getty on tty1.\n",
      "<6>[   14.912193] e2scrub_all (144) used greatest stack depth: 12488 bytes left\n",
      "[[0;32m  OK  [0m] Finished [0;1;39me2scrub_reap.servine ext4 Metadata Check Snapshots.\n",
      "[[0;32m  OK  [0m] Found device [0;1;39mdev-ttyS0.device[0m - /dev/ttyS0.\n",
      "[[0;32m  OK  [0m] Started [0;1;39mserial-getty@ttyS0rvice[0m - Serial Getty on ttyS0.\n",
      "[[0;32m  OK  [0m] Reached target [0;1;39mgetty.target[0m - Login Prompts.\n",
      "[[0;32m  OK  [0m] Started [0;1;39msystemd-logind.service[0m - User Login Management.\n",
      "[[0;32m  OK  [0m] Reached target [0;1;39mmulti-user.target[0m - Multi-User System.\n",
      "[[0;32m  OK  [0m] Reached target [0;1;39mgraphical.target[0m - Graphical Interface.\n",
      "         Starting [0;1;39msystemd-update-ut Record Runlevel Change in UTMP...\n",
      "[[0;32m  OK  [0m] Finished [0;1;39msystemd-update-ut - Record Runlevel Change in UTMP.\n",
      "\n",
      "Debian GNU/Linux 12 runner-vwmj3eza-project-40964107-concurrent-0 ttyS0\n",
      "\n",
      "runner-vwmj3eza-project-40964107-concurrent-0 login: root\n",
      "root\n",
      "Linux runner-vwmj3eza-project-40964107-concurrent-0 6.6.1-rc1 #1 SMP PREEMPT_DYNAMIC @1699277113 x86_64\n",
      "\n",
      "The programs included with the Debian GNU/Linux system are free software;\n",
      "the exact distribution terms for each program are described in the\n",
      "individual files in /usr/share/doc/*/copyright.\n",
      "\n",
      "Debian GNU/Linux comes with ABSOLUTELY NO WARRANTY, to the extent\n",
      "permitted by applicable law.\n",
      "<4>[   19.224297] systemd[173]: memfd_create() called without MFD_EXEC or MFD_NOEXEC_SEAL set\n",
      "[?2004hroot@runner-vwmj3eza-project-40964107-concurrent-0:~# \n",
      "\n",
      "[?2004l[?2004hroot@runner-vwmj3eza-project-40964107-concurrent-0:~# #\n",
      "#\n",
      "[?2004l[?2004hroot@runner-vwmj3eza-project-40964107-concurrent-0:~# export SHELL=/bin/sh\n",
      "export SHELL=/bin/sh\n",
      "[?2004l[?2004hroot@runner-vwmj3eza-project-40964107-concurrent-0:~# . /lava-1/environment\n",
      ". /lava-1/environment\n",
      "[?2004l[?2004hroot@runner-vwmj3eza-project-40964107-concurrent-0:~# /lava-1/bin/lava-test-runner /lava-1/0\n",
      "/lava-1/bin/lava-test-runner /lava-1/0\n",
      "[?2004l+ export TESTRUN_ID=0_ltp-syscalls\n",
      "+ cd /lava-1/0/tests/0_ltp-syscalls\n",
      "+ cat uuid\n",
      "+ UUID=1_1.1.3.1\n",
      "+ set +x\n",
      "<8>[   22.036309] <LAVA_SIGNAL_STARTRUN 0_ltp-syscalls 1_1.1.3.1>\n",
      "+ cd ./automated/linux/ltp/\n",
      "+ ./ltp.sh -T syscalls -s true -v  -M 5 -R root -b  -d /scratch -g  -e production -i /opt/ltp/ -S skipfile-lkft.yaml -p  -u  -t false -n 10 -c 7\n",
      "+ . ../../lib/sh-test-lib\n",
      "++ LANG=C\n",
      "++ export LANG\n",
      "++ export PATH=/lava-1/0/../bin:/usr/local/sbin:/usr/local/bin:/usr/sbin:/usr/bin:/sbin:/bin:/sbin:/usr/sbin:/usr/local/sbin\n",
      "++ PATH=/lava-1/0/../bin:/usr/local/sbin:/usr/local/bin:/usr/sbin:/usr/bin:/sbin:/bin:/sbin:/usr/sbin:/usr/local/sbin\n",
      "++ kernel_config=\n",
      "++ pwd\n",
      "+ OUTPUT=/lava-1/0/tests/0_ltp-syscalls/automated/linux/ltp/output\n",
      "+ RESULT_FILE=/lava-1/0/tests/0_ltp-syscalls/automated/linux/ltp/output/result.txt\n",
      "++ readlink -f ./ltp.sh\n",
      "+ SCRIPT=/lava-1/0/tests/0_ltp-syscalls/automated/linux/ltp/ltp.sh\n",
      "++ dirname /lava-1/0/tests/0_ltp-syscalls/automated/linux/ltp/ltp.sh\n",
      "+ SCRIPTPATH=/lava-1/0/tests/0_ltp-syscalls/automated/linux/ltp\n",
      "+ echo 'Script path is: /lava-1/0/tests/0_ltp-syscalls/automated/linux/ltp'\n",
      "Script path is: /lava-1/0/tests/0_ltp-syscalls/automated/linux/ltp\n",
      "+ TST_CMDFILES=\n",
      "+ SKIPFILE=\n",
      "+ SKIPFILE_YAML=\n",
      "+ BOARD=\n",
      "+ BRANCH=\n",
      "+ ENVIRONMENT=\n",
      "+ LTP_VERSION=20180926\n",
      "+ TEST_PROGRAM=ltp\n",
      "+ TEST_GIT_URL=\n",
      "++ pwd\n",
      "+ TEST_DIR=/lava-1/0/tests/0_ltp-syscalls/automated/linux/ltp/ltp\n",
      "+ BUILD_FROM_TAR=false\n",
      "+ SHARD_NUMBER=1\n",
      "+ SHARD_INDEX=1\n",
      "+ LTP_TMPDIR=/ltp-tmp\n",
      "+ LTP_INSTALL_PATH=/opt/ltp\n",
      "+ getopts M:T:S:b:d:g:e:i:s:v:R:u:p:t:c:n: arg\n",
      "+ case \\\"$arg\\\" in\n",
      "+ TST_CMDFILES=syscalls\n",
      "++ echo syscalls\n",
      "++ sed 's,\\/,_,'\n",
      "+ LOG_FILE=syscalls\n",
      "+ getopts M:T:S:b:d:g:e:i:s:v:R:u:p:t:c:n: arg\n",
      "+ case \\\"$arg\\\" in\n",
      "+ SKIP_INSTALL=true\n",
      "+ getopts M:T:S:b:d:g:e:i:s:v:R:u:p:t:c:n: arg\n",
      "+ case \\\"$arg\\\" in\n",
      "+ LTP_VERSION=\n",
      "+ getopts M:T:S:b:d:g:e:i:s:v:R:u:p:t:c:n: arg\n",
      "+ case \\\"$arg\\\" in\n",
      "+ export LTP_TIMEOUT_MUL=5\n",
      "+ LTP_TIMEOUT_MUL=5\n",
      "+ getopts M:T:S:b:d:g:e:i:s:v:R:u:p:t:c:n: arg\n",
      "+ case \\\"$arg\\\" in\n",
      "+ export PASSWD=root\n",
      "+ PASSWD=root\n",
      "+ getopts M:T:S:b:d:g:e:i:s:v:R:u:p:t:c:n: arg\n",
      "+ case \\\"$arg\\\" in\n",
      "+ export BOARD=\n",
      "+ BOARD=\n",
      "+ getopts M:T:S:b:d:g:e:i:s:v:R:u:p:t:c:n: arg\n",
      "+ case \\\"$arg\\\" in\n",
      "+ export LTP_TMPDIR=/scratch\n",
      "+ LTP_TMPDIR=/scratch\n",
      "+ getopts M:T:S:b:d:g:e:i:s:v:R:u:p:t:c:n: arg\n",
      "+ case \\\"$arg\\\" in\n",
      "+ export BRANCH=\n",
      "+ BRANCH=\n",
      "+ getopts M:T:S:b:d:g:e:i:s:v:R:u:p:t:c:n: arg\n",
      "+ case \\\"$arg\\\" in\n",
      "+ export ENVIRONMENT=production\n",
      "+ ENVIRONMENT=production\n",
      "+ getopts M:T:S:b:d:g:e:i:s:v:R:u:p:t:c:n: arg\n",
      "+ case \\\"$arg\\\" in\n",
      "+ export LTP_INSTALL_PATH=/opt/ltp/\n",
      "+ LTP_INSTALL_PATH=/opt/ltp/\n",
      "+ getopts M:T:S:b:d:g:e:i:s:v:R:u:p:t:c:n: arg\n",
      "+ case \\\"$arg\\\" in\n",
      "+ '[' -z skipfile-lkft.yaml ']'\n",
      "+ '[' yaml = yaml ']'\n",
      "+ SKIPFILE_YAML=/lava-1/0/tests/0_ltp-syscalls/automated/linux/ltp/skipfile-lkft.yaml\n",
      "+ getopts M:T:S:b:d:g:e:i:s:v:R:u:p:t:c:n: arg\n",
      "+ case \\\"$arg\\\" in\n",
      "+ [[ '' != '' ]]\n",
      "+ getopts M:T:S:b:d:g:e:i:s:v:R:u:p:t:c:n: arg\n",
      "+ case \\\"$arg\\\" in\n",
      "+ [[ '' != '' ]]\n",
      "+ getopts M:T:S:b:d:g:e:i:s:v:R:u:p:t:c:n: arg\n",
      "+ case \\\"$arg\\\" in\n",
      "+ BUILD_FROM_TAR=false\n",
      "+ getopts M:T:S:b:d:g:e:i:s:v:R:u:p:t:c:n: arg\n",
      "+ case \\\"$arg\\\" in\n",
      "+ SHARD_NUMBER=10\n",
      "+ getopts M:T:S:b:d:g:e:i:s:v:R:u:p:t:c:n: arg\n",
      "+ case \\\"$arg\\\" in\n",
      "+ SHARD_INDEX=7\n",
      "+ getopts M:T:S:b:d:g:e:i:s:v:R:u:p:t:c:n: arg\n",
      "+ TEST_TARFILE=https://github.com/linux-test-project/ltp/releases/download//ltp-full-.tar.xz\n",
      "+ '[' -n /lava-1/0/tests/0_ltp-syscalls/automated/linux/ltp/skipfile-lkft.yaml ']'\n",
      "+ export SKIPFILE_PATH=/lava-1/0/tests/0_ltp-syscalls/automated/linux/ltp/generated_skipfile\n",
      "+ SKIPFILE_PATH=/lava-1/0/tests/0_ltp-syscalls/automated/linux/ltp/generated_skipfile\n",
      "+ generate_skipfile\n",
      "+ info_msg 'Generating a skipfile based on /lava-1/0/tests/0_ltp-syscalls/automated/linux/ltp/skipfile-lkft.yaml'\n",
      "+ local 'msg=Generating a skipfile based on /lava-1/0/tests/0_ltp-syscalls/automated/linux/ltp/skipfile-lkft.yaml'\n",
      "+ '[' -z 'Generating a skipfile based on /lava-1/0/tests/0_ltp-syscalls/automated/linux/ltp/skipfile-lkft.yaml' ']'\n",
      "+ printf 'INFO: %s\\n' 'Generating a skipfile based on /lava-1/0/tests/0_ltp-syscalls/automated/linux/ltp/skipfile-lkft.yaml'\n",
      "INFO: Generating a skipfile based on /lava-1/0/tests/0_ltp-syscalls/automated/linux/ltp/skipfile-lkft.yaml\n",
      "+ detect_abi\n",
      "++ uname -m\n",
      "+ abi=x86_64\n",
      "+ case \\\"${abi}\\\" in\n",
      "+ abi=x86_64\n",
      "+ local SKIPGEN_ARGS=\n",
      "+ test -n ''\n",
      "+ test -n ''\n",
      "+ test -n production\n",
      "+ SKIPGEN_ARGS=' --environment production'\n",
      "+ ../../bin/x86_64/skipgen --environment production /lava-1/0/tests/0_ltp-syscalls/automated/linux/ltp/skipfile-lkft.yaml\n",
      "+ res=0\n",
      "+ test 0 -eq 0\n",
      "+ info_msg 'Using the following generated skipfile contents (until EOF):'\n",
      "+ local 'msg=Using the following generated skipfile contents (until EOF):'\n",
      "+ '[' -z 'Using the following generated skipfile contents (until EOF):' ']'\n",
      "+ printf 'INFO: %s\\n' 'Using the following generated skipfile contents (until EOF):'\n",
      "INFO: Using the following generated skipfile contents (until EOF):\n",
      "+ cat /lava-1/0/tests/0_ltp-syscalls/automated/linux/ltp/generated_skipfile\n",
      "bind06\n",
      "cve-2018-18559\n",
      "dio10\n",
      "dio12\n",
      "dio13\n",
      "dio14\n",
      "dio15\n",
      "dio16\n",
      "dio17\n",
      "dio18\n",
      "dio19\n",
      "dio20\n",
      "dio21\n",
      "dio22\n",
      "dio23\n",
      "dio24\n",
      "dio25\n",
      "dio26\n",
      "dio27\n",
      "dio28\n",
      "dio29\n",
      "dio30\n",
      "fanotify07\n",
      "fanotify08\n",
      "fanotify09\n",
      "fork13\n",
      "ftrace_stress_test.sh\n",
      "futex_wake04\n",
      "gf01\n",
      "gf14\n",
      "gf15\n",
      "gf18\n",
      "hackbench01\n",
      "hackbench02\n",
      "hugemmap06\n",
      "inotify07\n",
      "inotify08\n",
      "ksm01\n",
      "memcg_stress\n",
      "msgctl10\n",
      "msgctl11\n",
      "msgstress03\n",
      "msgstress04\n",
      "mtest06\n",
      "perf_event_open02\n",
      "ping01\n",
      "ping602\n",
      "pth_str01\n",
      "pth_str02\n",
      "pth_str03\n",
      "sendfile09\n",
      "sendfile09_64\n",
      "setsockopt06\n",
      "time-schedule01\n",
      "+ info_msg EOF\n",
      "+ local msg=EOF\n",
      "+ '[' -z EOF ']'\n",
      "+ printf 'INFO: %s\\n' EOF\n",
      "INFO: EOF\n",
      "+ '[' '!' -f /lava-1/0/tests/0_ltp-syscalls/automated/linux/ltp/generated_skipfile ']'\n",
      "+ SKIPFILE='-S /lava-1/0/tests/0_ltp-syscalls/automated/linux/ltp/generated_skipfile'\n",
      "+ check_root\n",
      "++ id -ru\n",
      "+ '[' 0 -eq 0 ']'\n",
      "+ return 0\n",
      "+ create_out_dir /lava-1/0/tests/0_ltp-syscalls/automated/linux/ltp/output\n",
      "+ '[' -z /lava-1/0/tests/0_ltp-syscalls/automated/linux/ltp/output ']'\n",
      "+ local OUTPUT=/lava-1/0/tests/0_ltp-syscalls/automated/linux/ltp/output\n",
      "+ '[' -d /lava-1/0/tests/0_ltp-syscalls/automated/linux/ltp/output ']'\n",
      "+ mkdir -p /lava-1/0/tests/0_ltp-syscalls/automated/linux/ltp/output\n",
      "+ '[' -d /lava-1/0/tests/0_ltp-syscalls/automated/linux/ltp/output ']'\n",
      "+ info_msg 'About to run ltp test...'\n",
      "+ local 'msg=About to run ltp test...'\n",
      "+ '[' -z 'About to run ltp test...' ']'\n",
      "+ printf 'INFO: %s\\n' 'About to run ltp test...'\n",
      "INFO: About to run ltp test...\n",
      "+ info_msg 'Output directory: /lava-1/0/tests/0_ltp-syscalls/automated/linux/ltp/output'\n",
      "+ local 'msg=Output directory: /lava-1/0/tests/0_ltp-syscalls/automated/linux/ltp/output'\n",
      "+ '[' -z 'Output directory: /lava-1/0/tests/0_ltp-syscalls/automated/linux/ltp/output' ']'\n",
      "+ printf 'INFO: %s\\n' 'Output directory: /lava-1/0/tests/0_ltp-syscalls/automated/linux/ltp/output'\n",
      "INFO: Output directory: /lava-1/0/tests/0_ltp-syscalls/automated/linux/ltp/output\n",
      "+ '[' true = true ']'\n",
      "+ info_msg 'ltp installation skipped altogether'\n",
      "+ local 'msg=ltp installation skipped altogether'\n",
      "+ '[' -z 'ltp installation skipped altogether' ']'\n",
      "+ printf 'INFO: %s\\n' 'ltp installation skipped altogether'\n",
      "INFO: ltp installation skipped altogether\n",
      "+ '[' '!' -d /opt/ltp/ ']'\n",
      "+ info_msg 'Running prep_system'\n",
      "+ local 'msg=Running prep_system'\n",
      "+ '[' -z 'Running prep_system' ']'\n",
      "+ printf 'INFO: %s\\n' 'Running prep_system'\n",
      "INFO: Running prep_system\n",
      "+ prep_system\n",
      "+ systemctl is-active systemd-timesyncd\n",
      "inactive\n",
      "+ '[' -f /proc/sys/kernel/unprivileged_userns_clone ']'\n",
      "+ info_msg 'Kernel has no support of unprivileged_userns_clone'\n",
      "+ local 'msg=Kernel has no support of unprivileged_userns_clone'\n",
      "+ '[' -z 'Kernel has no support of unprivileged_userns_clone' ']'\n",
      "+ printf 'INFO: %s\\n' 'Kernel has no support of unprivileged_userns_clone'\n",
      "INFO: Kernel has no support of unprivileged_userns_clone\n",
      "+ info_msg 'Running run_ltp'\n",
      "+ local 'msg=Running run_ltp'\n",
      "+ '[' -z 'Running run_ltp' ']'\n",
      "+ printf 'INFO: %s\\n' 'Running run_ltp'\n",
      "INFO: Running run_ltp\n",
      "+ run_ltp\n",
      "+ cd /opt/ltp/\n",
      "+ mkdir -m 777 -p /scratch\n",
      "+ for file in ${TST_CMDFILES//,/ }\n",
      "+ cat runtest/syscalls\n",
      "+ sed -i 's/#.*$//;/^$/d' alltests\n",
      "+ split --verbose --numeric-suffixes=1 -n l/7/10 alltests\n",
      "+ echo '============== Tests to run ==============='\n",
      "============== Tests to run ===============\n",
      "+ cat runtest/shardfile\n",
      "pwritev02 pwritev02\n",
      "pwritev02_64 pwritev02_64\n",
      "pwritev03 pwritev03\n",
      "pwritev03_64 pwritev03_64\n",
      "pwritev201 pwritev201\n",
      "pwritev201_64 pwritev201_64\n",
      "pwritev202 pwritev202\n",
      "pwritev202_64 pwritev202_64\n",
      "quotactl01 quotactl01\n",
      "quotactl02 quotactl02\n",
      "quotactl03 quotactl03\n",
      "quotactl04 quotactl04\n",
      "quotactl05 quotactl05\n",
      "quotactl06 quotactl06\n",
      "quotactl07 quotactl07\n",
      "quotactl08 quotactl08\n",
      "quotactl09 quotactl09\n",
      "read01 read01\n",
      "read02 read02\n",
      "read03 read03\n",
      "read04 read04\n",
      "readahead01 readahead01\n",
      "readahead02 readahead02\n",
      "readdir01 readdir01\n",
      "readdir21 readdir21\n",
      "readlink01A symlink01 -T readlink01\n",
      "readlink01 readlink01\n",
      "readlink03 readlink03\n",
      "readlinkat01 readlinkat01\n",
      "readlinkat02 readlinkat02\n",
      "readv01 readv01\n",
      "readv02 readv02\n",
      "realpath01 realpath01\n",
      "reboot01 reboot01\n",
      "reboot02 reboot02\n",
      "recv01 recv01\n",
      "recvfrom01 recvfrom01\n",
      "recvmsg01 recvmsg01\n",
      "recvmsg02 recvmsg02\n",
      "recvmsg03 recvmsg03\n",
      "recvmmsg01 recvmmsg01\n",
      "remap_file_pages01 remap_file_pages01\n",
      "remap_file_pages02 remap_file_pages02\n",
      "removexattr01 removexattr01\n",
      "removexattr02 removexattr02\n",
      "rename01 rename01\n",
      "rename01A symlink01 -T rename01\n",
      "rename03 rename03\n",
      "rename04 rename04\n",
      "rename05 rename05\n",
      "rename06 rename06\n",
      "rename07 rename07\n",
      "rename08 rename08\n",
      "rename09 rename09\n",
      "rename10 rename10\n",
      "rename11 rename11\n",
      "rename12 rename12\n",
      "rename13 rename13\n",
      "rename14 rename14\n",
      "renameat01 renameat01\n",
      "renameat201 renameat201\n",
      "renameat202 renameat202 -i 10\n",
      "request_key01 request_key01\n",
      "request_key02 request_key02\n",
      "request_key03 request_key03\n",
      "request_key04 request_key04\n",
      "request_key05 request_key05\n",
      "rmdir01 rmdir01\n",
      "rmdir02 rmdir02\n",
      "rmdir03 rmdir03\n",
      "rmdir03A symlink01 -T rmdir03\n",
      "rt_sigaction01 rt_sigaction01\n",
      "rt_sigaction02 rt_sigaction02\n",
      "rt_sigaction03 rt_sigaction03\n",
      "rt_sigprocmask01 rt_sigprocmask01\n",
      "rt_sigprocmask02 rt_sigprocmask02\n",
      "rt_sigqueueinfo01 rt_sigqueueinfo01\n",
      "rt_sigsuspend01 rt_sigsuspend01\n",
      "rt_sigtimedwait01 rt_sigtimedwait01\n",
      "rt_tgsigqueueinfo01 rt_tgsigqueueinfo01\n",
      "sbrk01 sbrk01\n",
      "sbrk02 sbrk02\n",
      "sbrk03 sbrk03\n",
      "sched_get_priority_max01 sched_get_priority_max01\n",
      "sched_get_priority_max02 sched_get_priority_max02\n",
      "sched_get_priority_min01 sched_get_priority_min01\n",
      "sched_get_priority_min02 sched_get_priority_min02\n",
      "sched_getparam01 sched_getparam01\n",
      "sched_getparam03 sched_getparam03\n",
      "sched_rr_get_interval01 sched_rr_get_interval01\n",
      "sched_rr_get_interval02 sched_rr_get_interval02\n",
      "sched_rr_get_interval03 sched_rr_get_interval03\n",
      "sched_setparam01 sched_setparam01\n",
      "sched_setparam02 sched_setparam02\n",
      "sched_setparam03 sched_setparam03\n",
      "sched_setparam04 sched_setparam04\n",
      "sched_setparam05 sched_setparam05\n",
      "sched_getscheduler01 sched_getscheduler01\n",
      "sched_getscheduler02 sched_getscheduler02\n",
      "sched_setscheduler01 sched_setscheduler01\n",
      "sched_setscheduler02 sched_setscheduler02\n",
      "sched_setscheduler03 sched_setscheduler03\n",
      "sched_yield01 sched_yield01\n",
      "sched_setaffinity01 sched_setaffinity01\n",
      "sched_getaffinity01 sched_getaffinity01\n",
      "sched_setattr01 sched_setattr01\n",
      "sched_getattr01 sched_getattr01\n",
      "sched_getattr02 sched_getattr02\n",
      "select01 select01\n",
      "select02 select02\n",
      "select03 select03\n",
      "select04 select04\n",
      "semctl01 semctl01\n",
      "semctl02 semctl02\n",
      "semctl03 semctl03\n",
      "semctl04 semctl04\n",
      "semctl05 semctl05\n",
      "+ echo '===========End Tests to run ==============='\n",
      "===========End Tests to run ===============\n",
      "+ pipe0_status './runltp -p -q -f shardfile                                  -l /lava-1/0/tests/0_ltp-syscalls/automated/linux/ltp/output/LTP_syscalls.log                                  -C /lava-1/0/tests/0_ltp-syscalls/automated/linux/ltp/output/LTP_syscalls.failed                                  -d /scratch                                     -S /lava-1/0/tests/0_ltp-syscalls/automated/linux/ltp/generated_skipfile' 'tee /lava-1/0/tests/0_ltp-syscalls/automated/linux/ltp/output/LTP_syscalls.out'\n",
      "+ '[' 2 -ne 2 ']'\n",
      "+ local 'cmd1=./runltp -p -q -f shardfile                                  -l /lava-1/0/tests/0_ltp-syscalls/automated/linux/ltp/output/LTP_syscalls.log                                  -C /lava-1/0/tests/0_ltp-syscalls/automated/linux/ltp/output/LTP_syscalls.failed                                  -d /scratch                                     -S /lava-1/0/tests/0_ltp-syscalls/automated/linux/ltp/generated_skipfile'\n",
      "+ local 'cmd2=tee /lava-1/0/tests/0_ltp-syscalls/automated/linux/ltp/output/LTP_syscalls.out'\n",
      "+ exec\n",
      "+ local ret_val\n",
      "++ eval './runltp -p -q -f shardfile                                  -l /lava-1/0/tests/0_ltp-syscalls/automated/linux/ltp/output/LTP_syscalls.log                                  -C /lava-1/0/tests/0_ltp-syscalls/automated/linux/ltp/output/LTP_syscalls.failed                                  -d /scratch                                     -S /lava-1/0/tests/0_ltp-syscalls/automated/linux/ltp/generated_skipfile'\n",
      "+++ ./runltp -p -q -f shardfile -l /lava-1/0/tests/0_ltp-syscalls/automated/linux/ltp/output/LTP_syscalls.log -C /lava-1/0/tests/0_ltp-syscalls/automated/linux/ltp/output/LTP_syscalls.failed -d /scratch -S /lava-1/0/tests/0_ltp-syscalls/automated/linux/ltp/generated_skipfile\n",
      "++ eval 'tee /lava-1/0/tests/0_ltp-syscalls/automated/linux/ltp/output/LTP_syscalls.out'\n",
      "+++ tee /lava-1/0/tests/0_ltp-syscalls/automated/linux/ltp/output/LTP_syscalls.out\n",
      "INFO: creating /opt/ltp/output directory\n",
      "Checking for required user/group ids\n",
      "\n",
      "'root' user id and group found.\n",
      "'nobody' user id and group found.\n",
      "'bin' user id and group found.\n",
      "'daemon' user id and group found.\n",
      "Users group found.\n",
      "Sys group found.\n",
      "Required users/groups exist.\n",
      "no big block device was specified on commandline.\n",
      "Tests which require a big block device are disabled.\n",
      "You can specify it with option -z\n",
      "INFO: Test start time: Mon Nov  6 13:46:27 UTC 2023\n",
      "COMMAND:    /opt/ltp/bin/ltp-pan -q  -e -S   -a 224     -n 224 -p -f /scratch/ltp-pARKV9xT8q/alltests -l /lava-1/0/tests/0_ltp-syscalls/automated/linux/ltp/output/LTP_syscalls.log  -C /lava-1/0/tests/0_ltp-syscalls/automated/linux/ltp/output/LTP_syscalls.failed -T /opt/ltp/output/LTP_RUN_ON-LTP_syscalls.log.tconf\n",
      "LOG File: /lava-1/0/tests/0_ltp-syscalls/automated/linux/ltp/output/LTP_syscalls.log\n",
      "FAILED COMMAND File: /lava-1/0/tests/0_ltp-syscalls/automated/linux/ltp/output/LTP_syscalls.failed\n",
      "TCONF COMMAND File: /opt/ltp/output/LTP_RUN_ON-LTP_syscalls.log.tconf\n",
      "Running tests.......\n",
      "tst_test.c:1690: TINFO: LTP version: 20230929\n",
      "tst_test.c:1574: TINFO: Timeout per run is 0h 02m 30s\n",
      "pwritev02.c:84: TPASS: pwritev() failed as expected: EINVAL (22)\n",
      "pwritev02.c:84: TPASS: pwritev() failed as expected: EINVAL (22)\n",
      "pwritev02.c:84: TPASS: pwritev() failed as expected: EINVAL (22)\n",
      "pwritev02.c:84: TPASS: pwritev() failed as expected: EFAULT (14)\n",
      "pwritev02.c:84: TPASS: pwritev() failed as expected: EBADF (9)\n",
      "pwritev02.c:84: TPASS: pwritev() failed as expected: EBADF (9)\n",
      "pwritev02.c:84: TPASS: pwritev() failed as expected: ESPIPE (29)\n",
      "\n",
      "Summary:\n",
      "passed   7\n",
      "failed   0\n",
      "broken   0\n",
      "skipped  0\n",
      "warnings 0\n",
      "tst_test.c:1690: TINFO: LTP version: 20230929\n",
      "tst_test.c:1574: TINFO: Timeout per run is 0h 02m 30s\n",
      "pwritev02.c:84: TPASS: pwritev() failed as expected: EINVAL (22)\n",
      "pwritev02.c:84: TPASS: pwritev() failed as expected: EINVAL (22)\n",
      "pwritev02.c:84: TPASS: pwritev() failed as expected: EINVAL (22)\n",
      "pwritev02.c:84: TPASS: pwritev() failed as expected: EFAULT (14)\n",
      "pwritev02.c:84: TPASS: pwritev() failed as expected: EBADF (9)\n",
      "pwritev02.c:84: TPASS: pwritev() failed as expected: EBADF (9)\n",
      "pwritev02.c:84: TPASS: pwritev() failed as expected: ESPIPE (29)\n",
      "\n",
      "Summary:\n",
      "passed   7\n",
      "failed   0\n",
      "broken   0\n",
      "skipped  0\n",
      "warnings 0\n",
      "tst_device.c:96: TINFO: Found free device 0 '/dev/loop0'\n",
      "<6>[   25.459602] loop0: detected capacity change from 0 to 614400\n",
      "tst_test.c:1690: TINFO: LTP version: 20230929\n",
      "<3>[   25.476809] /dev/zero: Can't lookup blockdev\n",
      "tst_test.c:1574: TINFO: Timeout per run is 0h 02m 30s\n",
      "tst_supported_fs_types.c:90: TINFO: Kernel supports ext2\n",
      "<3>[   25.571783] /dev/zero: Can't lookup blockdev\n",
      "tst_supported_fs_types.c:55: TINFO: mkfs.ext2 does exist\n",
      "tst_supported_fs_types.c:90: TINFO: Kernel supports ext3\n",
      "tst_supported_fs_types.c:55: TINFO: mkfs.ext3 does exist\n",
      "<3>[   25.650801] /dev/zero: Can't lookup blockdev\n",
      "tst_supported_fs_types.c:90: TINFO: Kernel supports ext4\n",
      "tst_supported_fs_types.c:55: TINFO: mkfs.ext4 does exist\n",
      "tst_supported_fs_types.c:90: TINFO: Kernel supports vfat\n",
      "tst_supported_fs_types.c:51: TINFO: mkfs.vfat does not exist\n",
      "tst_supported_fs_types.c:157: TINFO: Skipping tmpfs as requested by the test\n",
      "tst_test.c:1650: TINFO: === Testing on ext2 ===\n",
      "tst_test.c:1105: TINFO: Formatting /dev/loop0 with ext2 opts='' extra opts=''\n",
      "mke2fs 1.47.0 (5-Feb-2023)\n",
      "tst_test.c:1119: TINFO: Mounting /dev/loop0 to /scratch/ltp-pARKV9xT8q/LTP_pwrUxgCWx/mntpoint fstyp=ext2 flags=0\n",
      "<6>[   26.249145] EXT4-fs (loop0): mounting ext2 file system using the ext4 subsystem\n",
      "<6>[   26.268898] EXT4-fs (loop0): mounted filesystem 48bf62b3-ec21-4b07-8093-23efe2f4c2e2 r/w without journal. Quota mode: none.\n",
      "pwritev03.c:101: TINFO: Using block size 512\n",
      "pwritev03.c:86: TPASS: pwritev(O_DIRECT) wrote 512 bytes successfully with content 'a' expectedly \n",
      "pwritev03.c:86: TPASS: pwritev(O_DIRECT) wrote 512 bytes successfully with content 'a' expectedly \n",
      "pwritev03.c:86: TPASS: pwritev(O_DIRECT) wrote 512 bytes successfully with content 'a' expectedly \n",
      "<6>[   26.415671] EXT4-fs (loop0): unmounting filesystem 48bf62b3-ec21-4b07-8093-23efe2f4c2e2.\n",
      "tst_test.c:1650: TINFO: === Testing on ext3 ===\n",
      "tst_test.c:1105: TINFO: Formatting /dev/loop0 with ext3 opts='' extra opts=''\n",
      "mke2fs 1.47.0 (5-Feb-2023)\n",
      "tst_test.c:1119: TINFO: Mounting /dev/loop0 to /scratch/ltp-pARKV9xT8q/LTP_pwrUxgCWx/mntpoint fstyp=ext3 flags=0\n",
      "<6>[   28.502861] EXT4-fs (loop0): mounting ext3 file system using the ext4 subsystem\n",
      "<6>[   28.528098] EXT4-fs (loop0): mounted filesystem 2c53df83-3619-45df-9bb7-c01d322e8e13 r/w with ordered data mode. Quota mode: none.\n",
      "pwritev03.c:101: TINFO: Using block size 512\n",
      "pwritev03.c:86: TPASS: pwritev(O_DIRECT) wrote 512 bytes successfully with content 'a' expectedly \n",
      "pwritev03.c:86: TPASS: pwritev(O_DIRECT) wrote 512 bytes successfully with content 'a' expectedly \n",
      "pwritev03.c:86: TPASS: pwritev(O_DIRECT) wrote 512 bytes successfully with content 'a' expectedly \n",
      "<6>[   28.671682] EXT4-fs (loop0): unmounting filesystem 2c53df83-3619-45df-9bb7-c01d322e8e13.\n",
      "tst_test.c:1650: TINFO: === Testing on ext4 ===\n",
      "tst_test.c:1105: TINFO: Formatting /dev/loop0 with ext4 opts='' extra opts=''\n",
      "mke2fs 1.47.0 (5-Feb-2023)\n",
      "tst_test.c:1119: TINFO: Mounting /dev/loop0 to /scratch/ltp-pARKV9xT8q/LTP_pwrUxgCWx/mntpoint fstyp=ext4 flags=0\n",
      "<6>[   29.091659] EXT4-fs (loop0): mounted filesystem 6026d01f-cdf1-4583-939a-7c11aeb1ef39 r/w with ordered data mode. Quota mode: none.\n",
      "pwritev03.c:101: TINFO: Using block size 512\n",
      "pwritev03.c:86: TPASS: pwritev(O_DIRECT) wrote 512 bytes successfully with content 'a' expectedly \n",
      "pwritev03.c:86: TPASS: pwritev(O_DIRECT) wrote 512 bytes successfully with content 'a' expectedly \n",
      "pwritev03.c:86: TPASS: pwritev(O_DIRECT) wrote 512 bytes successfully with content 'a' expectedly \n",
      "<6>[   29.246052] EXT4-fs (loop0): unmounting filesystem 6026d01f-cdf1-4583-939a-7c11aeb1ef39.\n",
      "\n",
      "Summary:\n",
      "passed   9\n",
      "failed   0\n",
      "broken   0\n",
      "skipped  0\n",
      "warnings 0\n",
      "tst_device.c:96: TINFO: Found free device 0 '/dev/loop0'\n",
      "<6>[   29.576226] loop0: detected capacity change from 0 to 614400\n",
      "tst_test.c:1690: TINFO: LTP version: 20230929\n",
      "tst_test.c:1574: TINFO: Timeout per run is 0h 02m 30s\n",
      "<3>[   29.594074] /dev/zero: Can't lookup blockdev\n",
      "tst_supported_fs_types.c:90: TINFO: Kernel supports ext2\n",
      "tst_supported_fs_types.c:55: TINFO: mkfs.ext2 does exist\n",
      "<3>[   29.668085] /dev/zero: Can't lookup blockdev\n",
      "tst_supported_fs_types.c:90: TINFO: Kernel supports ext3\n",
      "tst_supported_fs_types.c:55: TINFO: mkfs.ext3 does exist\n",
      "<3>[   29.746183] /dev/zero: Can't lookup blockdev\n",
      "tst_supported_fs_types.c:90: TINFO: Kernel supports ext4\n",
      "tst_supported_fs_types.c:55: TINFO: mkfs.ext4 does exist\n",
      "tst_supported_fs_types.c:90: TINFO: Kernel supports vfat\n",
      "tst_supported_fs_types.c:51: TINFO: mkfs.vfat does not exist\n",
      "tst_supported_fs_types.c:157: TINFO: Skipping tmpfs as requested by the test\n",
      "tst_test.c:1650: TINFO: === Testing on ext2 ===\n",
      "tst_test.c:1105: TINFO: Formatting /dev/loop0 with ext2 opts='' extra opts=''\n",
      "mke2fs 1.47.0 (5-Feb-2023)\n",
      "tst_test.c:1119: TINFO: Mounting /dev/loop0 to /scratch/ltp-pARKV9xT8q/LTP_pwre1pm2N/mntpoint fstyp=ext2 flags=0\n",
      "<6>[   30.307007] EXT4-fs (loop0): mounting ext2 file system using the ext4 subsystem\n",
      "<6>[   30.323946] EXT4-fs (loop0): mounted filesystem dc93a03a-e1af-45b2-aa6e-9db245ff24c0 r/w without journal. Quota mode: none.\n",
      "pwritev03.c:101: TINFO: Using block size 512\n",
      "pwritev03.c:86: TPASS: pwritev(O_DIRECT) wrote 512 bytes successfully with content 'a' expectedly \n",
      "pwritev03.c:86: TPASS: pwritev(O_DIRECT) wrote 512 bytes successfully with content 'a' expectedly \n",
      "pwritev03.c:86: TPASS: pwritev(O_DIRECT) wrote 512 bytes successfully with content 'a' expectedly \n",
      "<6>[   30.463696] EXT4-fs (loop0): unmounting filesystem dc93a03a-e1af-45b2-aa6e-9db245ff24c0.\n",
      "tst_test.c:1650: TINFO: === Testing on ext3 ===\n",
      "tst_test.c:1105: TINFO: Formatting /dev/loop0 with ext3 opts='' extra opts=''\n",
      "mke2fs 1.47.0 (5-Feb-2023)\n",
      "tst_test.c:1119: TINFO: Mounting /dev/loop0 to /scratch/ltp-pARKV9xT8q/LTP_pwre1pm2N/mntpoint fstyp=ext3 flags=0\n",
      "<6>[   31.787230] EXT4-fs (loop0): mounting ext3 file system using the ext4 subsystem\n",
      "<6>[   31.812379] EXT4-fs (loop0): mounted filesystem 5fd4a6dc-7701-4af0-bdfd-c24d25509020 r/w with ordered data mode. Quota mode: none.\n",
      "pwritev03.c:101: TINFO: Using block size 512\n",
      "pwritev03.c:86: TPASS: pwritev(O_DIRECT) wrote 512 bytes successfully with content 'a' expectedly \n",
      "pwritev03.c:86: TPASS: pwritev(O_DIRECT) wrote 512 bytes successfully with content 'a' expectedly \n",
      "pwritev03.c:86: TPASS: pwritev(O_DIRECT) wrote 512 bytes successfully with content 'a' expectedly \n",
      "<6>[   31.983196] EXT4-fs (loop0): unmounting filesystem 5fd4a6dc-7701-4af0-bdfd-c24d25509020.\n",
      "tst_test.c:1650: TINFO: === Testing on ext4 ===\n",
      "tst_test.c:1105: TINFO: Formatting /dev/loop0 with ext4 opts='' extra opts=''\n",
      "mke2fs 1.47.0 (5-Feb-2023)\n",
      "tst_test.c:1119: TINFO: Mounting /dev/loop0 to /scratch/ltp-pARKV9xT8q/LTP_pwre1pm2N/mntpoint fstyp=ext4 flags=0\n",
      "<6>[   32.361900] EXT4-fs (loop0): mounted filesystem 8d807b4e-78dc-4c50-a85f-95108fb961e7 r/w with ordered data mode. Quota mode: none.\n",
      "pwritev03.c:101: TINFO: Using block size 512\n",
      "pwritev03.c:86: TPASS: pwritev(O_DIRECT) wrote 512 bytes successfully with content 'a' expectedly \n",
      "pwritev03.c:86: TPASS: pwritev(O_DIRECT) wrote 512 bytes successfully with content 'a' expectedly \n",
      "pwritev03.c:86: TPASS: pwritev(O_DIRECT) wrote 512 bytes successfully with content 'a' expectedly \n",
      "<6>[   32.424069] EXT4-fs (loop0): unmounting filesystem 8d807b4e-78dc-4c50-a85f-95108fb961e7.\n",
      "\n",
      "Summary:\n",
      "passed   9\n",
      "failed   0\n",
      "broken   0\n",
      "skipped  0\n",
      "warnings 0\n",
      "tst_test.c:1690: TINFO: LTP version: 20230929\n",
      "tst_test.c:1574: TINFO: Timeout per run is 0h 02m 30s\n",
      "pwritev201.c:95: TPASS: pwritev2() wrote 64 bytes successfully with content 'a' expectedly \n",
      "pwritev201.c:95: TPASS: pwritev2() wrote 64 bytes successfully with content 'a' expectedly \n",
      "pwritev201.c:95: TPASS: pwritev2() wrote 64 bytes successfully with content 'a' expectedly \n",
      "pwritev201.c:95: TPASS: pwritev2() wrote 64 bytes successfully with content 'a' expectedly \n",
      "pwritev201.c:95: TPASS: pwritev2() wrote 64 bytes successfully with content 'a' expectedly \n",
      "pwritev201.c:95: TPASS: pwritev2() wrote 64 bytes successfully with content 'a' expectedly \n",
      "\n",
      "Summary:\n",
      "passed   6\n",
      "failed   0\n",
      "broken   0\n",
      "skipped  0\n",
      "warnings 0\n",
      "tst_test.c:1690: TINFO: LTP version: 20230929\n",
      "tst_test.c:1574: TINFO: Timeout per run is 0h 02m 30s\n",
      "pwritev201.c:95: TPASS: pwritev2() wrote 64 bytes successfully with content 'a' expectedly \n",
      "pwritev201.c:95: TPASS: pwritev2() wrote 64 bytes successfully with content 'a' expectedly \n",
      "pwritev201.c:95: TPASS: pwritev2() wrote 64 bytes successfully with content 'a' expectedly \n",
      "pwritev201.c:95: TPASS: pwritev2() wrote 64 bytes successfully with content 'a' expectedly \n",
      "pwritev201.c:95: TPASS: pwritev2() wrote 64 bytes successfully with content 'a' expectedly \n",
